Archive member included to satisfy reference by file (symbol)

app/libapp.a(main.c.obj)      (--whole-archive)
zephyr/libzephyr.a(cbprintf_packaged.c.obj)
                              (--whole-archive)
zephyr/libzephyr.a(dec.c.obj)
                              (--whole-archive)
zephyr/libzephyr.a(fdtable.c.obj)
                              (--whole-archive)
zephyr/libzephyr.a(hex.c.obj)
                              (--whole-archive)
zephyr/libzephyr.a(printk.c.obj)
                              (--whole-archive)
zephyr/libzephyr.a(rb.c.obj)  (--whole-archive)
zephyr/libzephyr.a(sem.c.obj)
                              (--whole-archive)
zephyr/libzephyr.a(thread_entry.c.obj)
                              (--whole-archive)
zephyr/libzephyr.a(timeutil.c.obj)
                              (--whole-archive)
zephyr/libzephyr.a(heap.c.obj)
                              (--whole-archive)
zephyr/libzephyr.a(heap-validate.c.obj)
                              (--whole-archive)
zephyr/libzephyr.a(bitarray.c.obj)
                              (--whole-archive)
zephyr/libzephyr.a(multi_heap.c.obj)
                              (--whole-archive)
zephyr/libzephyr.a(onoff.c.obj)
                              (--whole-archive)
zephyr/libzephyr.a(notify.c.obj)
                              (--whole-archive)
zephyr/libzephyr.a(crc32c_sw.c.obj)
                              (--whole-archive)
zephyr/libzephyr.a(crc32_sw.c.obj)
                              (--whole-archive)
zephyr/libzephyr.a(crc16_sw.c.obj)
                              (--whole-archive)
zephyr/libzephyr.a(crc8_sw.c.obj)
                              (--whole-archive)
zephyr/libzephyr.a(crc7_sw.c.obj)
                              (--whole-archive)
zephyr/libzephyr.a(cbprintf_complete.c.obj)
                              (--whole-archive)
zephyr/libzephyr.a(cbprintf.c.obj)
                              (--whole-archive)
zephyr/libzephyr.a(assert.c.obj)
                              (--whole-archive)
zephyr/libzephyr.a(mpsc_pbuf.c.obj)
                              (--whole-archive)
zephyr/libzephyr.a(configs.c.obj)
                              (--whole-archive)
zephyr/libzephyr.a(soc.c.obj)
                              (--whole-archive)
zephyr/libzephyr.a(power.c.obj)
                              (--whole-archive)
zephyr/libzephyr.a(sync_rtc.c.obj)
                              (--whole-archive)
zephyr/libzephyr.a(soc_nrf_common.S.obj)
                              (--whole-archive)
zephyr/libzephyr.a(soc_secure.c.obj)
                              (--whole-archive)
zephyr/libzephyr.a(validate_base_addresses.c.obj)
                              (--whole-archive)
zephyr/libzephyr.a(validate_enabled_instances.c.obj)
                              (--whole-archive)
zephyr/libzephyr.a(thread_info.c.obj)
                              (--whole-archive)
zephyr/libzephyr.a(log_core.c.obj)
                              (--whole-archive)
zephyr/libzephyr.a(log_mgmt.c.obj)
                              (--whole-archive)
zephyr/libzephyr.a(log_cache.c.obj)
                              (--whole-archive)
zephyr/libzephyr.a(log_msg.c.obj)
                              (--whole-archive)
zephyr/libzephyr.a(log_output.c.obj)
                              (--whole-archive)
zephyr/libzephyr.a(log_backend_rtt.c.obj)
                              (--whole-archive)
zephyr/libzephyr.a(log_backend_uart.c.obj)
                              (--whole-archive)
zephyr/libzephyr.a(nvs.c.obj)
                              (--whole-archive)
zephyr/libzephyr.a(ipc_service.c.obj)
                              (--whole-archive)
zephyr/libzephyr.a(ipc_rpmsg_static_vrings.c.obj)
                              (--whole-archive)
zephyr/libzephyr.a(ipc_rpmsg.c.obj)
                              (--whole-archive)
zephyr/libzephyr.a(ipc_static_vrings.c.obj)
                              (--whole-archive)
zephyr/libzephyr.a(addr_utils.c.obj)
                              (--whole-archive)
zephyr/libzephyr.a(flash_map.c.obj)
                              (--whole-archive)
zephyr/libzephyr.a(flash_map_layout.c.obj)
                              (--whole-archive)
zephyr/libzephyr.a(settings_store.c.obj)
                              (--whole-archive)
zephyr/libzephyr.a(settings.c.obj)
                              (--whole-archive)
zephyr/libzephyr.a(settings_init.c.obj)
                              (--whole-archive)
zephyr/libzephyr.a(settings_line.c.obj)
                              (--whole-archive)
zephyr/libzephyr.a(settings_nvs.c.obj)
                              (--whole-archive)
zephyr/libzephyr.a(pm.c.obj)  (--whole-archive)
zephyr/libzephyr.a(policy.c.obj)
                              (--whole-archive)
zephyr/libzephyr.a(state.c.obj)
                              (--whole-archive)
zephyr/libzephyr.a(tracing_none.c.obj)
                              (--whole-archive)
zephyr/libzephyr.a(gatt_dm.c.obj)
                              (--whole-archive)
zephyr/libzephyr.a(nus.c.obj)
[...]
Memory Configuration

Name             Origin             Length             Attributes
FLASH            0x0000000000010000 0x00000000000ec000 xr
RAM              0x0000000020008000 0x0000000000068000 xw
IDT_LIST         0x00000000fffff7ff 0x0000000000000800 xw
*default*        0x0000000000000000 0xffffffffffffffff

Linker script and memory map

LOAD zephyr/CMakeFiles/zephyr_pre1.dir/misc/empty_file.c.obj
LOAD zephyr/CMakeFiles/zephyr_pre1.dir/dev_handles.c.obj
                0x0000000000000020                _region_min_align = 0x20

.rel.plt        0x0000000000010000        0x0
 *(SORT_BY_ALIGNMENT(.rel.plt))
                [!provide]                        PROVIDE (__rel_iplt_start = .)
 *(SORT_BY_ALIGNMENT(.rel.iplt))
 .rel.iplt      0x0000000000010000        0x0 app/libapp.a(main.c.obj)
                [!provide]                        PROVIDE (__rel_iplt_end = .)

.rela.plt       0x0000000000000000        0x0
 *(SORT_BY_ALIGNMENT(.rela.plt))
                [!provide]                        PROVIDE (__rela_iplt_start = .)
 *(SORT_BY_ALIGNMENT(.rela.iplt))
                [!provide]                        PROVIDE (__rela_iplt_end = .)

.rel.dyn
 *(SORT_BY_ALIGNMENT(.rel.*))

.rela.dyn
 *(SORT_BY_ALIGNMENT(.rela.*))

/DISCARD/
 *(SORT_BY_ALIGNMENT(.plt))

/DISCARD/
 *(SORT_BY_ALIGNMENT(.iplt))
                0x0000000000010000                __rom_region_start = 0x10000

rom_start       0x0000000000010000      0x154
                0x0000000000000000                . = 0x0
                0x0000000000000000                . = ALIGN (0x4)
                0x0000000000000000                . = ALIGN (0x80)
                0x0000000000000000                . = ALIGN (0x200)
                0x0000000000010000                _vector_start = .
 *(SORT_BY_ALIGNMENT(.exc_vector_table))
 *(SORT_BY_ALIGNMENT(.exc_vector_table.*))
 .exc_vector_table._vector_table_section
                0x0000000000010000       0x40 zephyr/arch/arch/arm/core/aarch32/cortex_m/libarch__arm__core__aarch32__cortex_m.a(vector_table.S.obj)
                0x0000000000010000                _vector_table
 *(SORT_BY_ALIGNMENT(.vectors))
                0x0000000000010154                _vector_end = .
                0x0000000000010040                . = ALIGN (0x4)
 *(SORT_BY_ALIGNMENT(.gnu.linkonce.irq_vector_table*))
 .gnu.linkonce.irq_vector_table
                0x0000000000010040      0x114 zephyr/arch/common/libisr_tables.a(isr_tables.c.obj)
                0x0000000000010040                _irq_vector_table
                0x0000000000010154                _vector_end = .

text            0x0000000000010158    0x2ed14
                0x0000000000010158                __text_region_start = .
 *(SORT_BY_ALIGNMENT(.text))
 .text          0x0000000000010158       0x30 /opt/nordic/ncs/toolchains/v2.3.0/opt/zephyr-sdk/arm-zephyr-eabi/bin/../lib/gcc/arm-zephyr-eabi/12.1.0/thumb/v8-m.main/nofp/libgcc.a(_aeabi_uldivmod.o)
                0x0000000000010158                __aeabi_uldivmod
 .text          0x0000000000010188        0x4 /opt/nordic/ncs/toolchains/v2.3.0/opt/zephyr-sdk/arm-zephyr-eabi/bin/../lib/gcc/arm-zephyr-eabi/12.1.0/thumb/v8-m.main/nofp/libgcc.a(_dvmd_tls.o)
                0x0000000000010188                __aeabi_ldiv0
                0x0000000000010188                __aeabi_idiv0
 .text          0x000000000001018c      0x29c /opt/nordic/ncs/toolchains/v2.3.0/opt/zephyr-sdk/arm-zephyr-eabi/bin/../lib/gcc/arm-zephyr-eabi/12.1.0/thumb/v8-m.main/nofp/libgcc.a(_udivmoddi4.o)
                0x000000000001018c                __udivmoddi4
 *(SORT_BY_ALIGNMENT(.text.*))
 .text.set_event_mask
                0x0000000000010428       0x60 zephyr/subsys/bluetooth/host/libsubsys__bluetooth__host.a(hci_core.c.obj)
 .text.spim_event_handler
                0x0000000000010488       0x28 app/libapp.a(main.c.obj)
                0x0000000000010488                spim_event_handler
 .text.z_impl_gpio_pin_configure
                0x00000000000104b0      0x194 app/libapp.a(main.c.obj)
 .text.gpio_pin_set_raw
                0x0000000000010644       0x54 app/libapp.a(main.c.obj)
 .text.gpio_pin_set
                0x0000000000010698       0x54 app/libapp.a(main.c.obj)
 .text.mosfet_blink_callback
                0x00000000000106ec       0x2c app/libapp.a(main.c.obj)
                0x00000000000106ec                mosfet_blink_callback
 .text.z_impl_gpio_pin_interrupt_configure
                0x0000000000010718      0x120 app/libapp.a(main.c.obj)
 .text.gpio_init_callback
                0x0000000000010838       0x64 app/libapp.a(main.c.obj)
 .text.spi_init
                0x000000000001089c       0x74 app/libapp.a(main.c.obj)
 .text.bt_addr_le_to_str
                0x0000000000010910       0x90 app/libapp.a(main.c.obj)
 .text.security_changed
                0x00000000000109a0      0x1a0 app/libapp.a(main.c.obj)
 .text.pairing_failed
                0x0000000000010b40       0xd8 app/libapp.a(main.c.obj)
 .text.pairing_complete
                0x0000000000010c18       0xd8 app/libapp.a(main.c.obj)
 .text.auth_cancel
                0x0000000000010cf0       0xcc app/libapp.a(main.c.obj)
 .text.auth_passkey_display
                0x0000000000010dbc       0xd8 app/libapp.a(main.c.obj)
 .text.disconnected
                0x0000000000010e94      0x10c app/libapp.a(main.c.obj)
 .text.auth_passkey_confirm
                0x0000000000010fa0      0x134 app/libapp.a(main.c.obj)
 .text.connected
                0x00000000000110d4      0x254 app/libapp.a(main.c.obj)
 .text.toggle_ble_phy
                0x0000000000011328      0x1fc app/libapp.a(main.c.obj)
 .text.bt_receive_cb
                0x0000000000011524      0x1b8 app/libapp.a(main.c.obj)
 .text.uart_init
                0x00000000000116dc      0x2e0 app/libapp.a(main.c.obj)
 .text.uart_work_handler
                0x00000000000119bc       0x90 app/libapp.a(main.c.obj)
 .text.uart_cb  0x0000000000011a4c      0x25c app/libapp.a(main.c.obj)
 .text.ble_send_thread_handler
                0x0000000000011ca8      0x190 app/libapp.a(main.c.obj)
                0x0000000000011ca8                ble_send_thread_handler
 .text.ADS1298_init
                0x0000000000011e38       0x94 app/libapp.a(main.c.obj)
                0x0000000000011e38                ADS1298_init
 .text.spi_transfer
                0x0000000000011ecc       0x14 app/libapp.a(main.c.obj)
                0x0000000000011ecc                spi_transfer
 .text.ADS1298_send_command
                0x0000000000011ee0       0x40 app/libapp.a(main.c.obj)
                0x0000000000011ee0                ADS1298_send_command
 .text.ADS1298_read_data
                0x0000000000011f20       0x50 app/libapp.a(main.c.obj)
                0x0000000000011f20                ADS1298_read_data
 .text.ADS1298_receive_data
                0x0000000000011f70       0x40 app/libapp.a(main.c.obj)
                0x0000000000011f70                ADS1298_receive_data
 .text.shdn_init
                0x0000000000011fb0       0x78 app/libapp.a(main.c.obj)
                0x0000000000011fb0                shdn_init
 .text.set_shdn
                0x0000000000012028       0xdc app/libapp.a(main.c.obj)
                0x0000000000012028                set_shdn
 .text.set_pot  0x0000000000012104      0x120 app/libapp.a(main.c.obj)
                0x0000000000012104                set_pot
 .text.brightness_work_handler
                0x0000000000012224      0x128 app/libapp.a(main.c.obj)
                0x0000000000012224                brightness_work_handler
 .text.turn_on_led
                0x000000000001234c       0x2c app/libapp.a(main.c.obj)
                0x000000000001234c                turn_on_led
 .text.button_pressed
                0x0000000000012378      0x33c app/libapp.a(main.c.obj)
                0x0000000000012378                button_pressed
 .text.force_led_on
                0x00000000000126b4       0xac app/libapp.a(main.c.obj)
                0x00000000000126b4                force_led_on
 .text.force_led_off
                0x0000000000012760       0xac app/libapp.a(main.c.obj)
                0x0000000000012760                force_led_off
 .text.data_collect_thread_handler
                0x000000000001280c      0x160 app/libapp.a(main.c.obj)
                0x000000000001280c                data_collect_thread_handler
 .text.reset_ADS1298
                0x000000000001296c      0x10c app/libapp.a(main.c.obj)
                0x000000000001296c                reset_ADS1298
 .text.config_system
                0x0000000000012a78      0xe04 app/libapp.a(main.c.obj)
                0x0000000000012a78                config_system
 .text.main     0x000000000001387c       0x94 app/libapp.a(main.c.obj)
                0x000000000001387c                main
 .text.get_package_len
                0x0000000000013910       0x50 zephyr/libzephyr.a(cbprintf_packaged.c.obj)
 .text.cbvprintf_package
                0x0000000000013960      0x528 zephyr/libzephyr.a(cbprintf_packaged.c.obj)
                0x0000000000013960                cbvprintf_package
 .text.cbprintf_package_convert
                0x0000000000013e88      0x590 zephyr/libzephyr.a(cbprintf_packaged.c.obj)
                0x0000000000013e88                cbprintf_package_convert
 .text.u8_to_dec
                0x0000000000014418       0x50 zephyr/libzephyr.a(dec.c.obj)
                0x0000000000014418                u8_to_dec
 .text.__printk_hook_install
                0x0000000000014468        0xc zephyr/libzephyr.a(printk.c.obj)
                0x0000000000014468                __printk_hook_install
 .text.vsnprintk
                0x0000000000014474       0x30 zephyr/libzephyr.a(printk.c.obj)
                0x0000000000014474                vsnprintk
 .text.sys_heap_free
                0x00000000000144a4       0x98 zephyr/libzephyr.a(heap.c.obj)
                0x00000000000144a4                sys_heap_free
 .text.sys_heap_aligned_alloc
                0x000000000001453c      0x124 zephyr/libzephyr.a(heap.c.obj)
                0x000000000001453c                sys_heap_aligned_alloc
 .text.sys_heap_init
                0x0000000000014660      0x13c zephyr/libzephyr.a(heap.c.obj)
                0x0000000000014660                sys_heap_init
 .text.process_complete
                0x000000000001479c       0xe8 zephyr/libzephyr.a(onoff.c.obj)
 .text.process_event
                0x0000000000014884      0x3a0 zephyr/libzephyr.a(onoff.c.obj)
 .text.transition_complete
                0x0000000000014c24       0x64 zephyr/libzephyr.a(onoff.c.obj)
 .text.onoff_request
                0x0000000000014c88      0x168 zephyr/libzephyr.a(onoff.c.obj)
                0x0000000000014c88                onoff_request
 .text.sys_notify_finalize
                0x0000000000014df0       0x58 zephyr/libzephyr.a(notify.c.obj)
                0x0000000000014df0                sys_notify_finalize
 .text.crc8_ccitt
                0x0000000000014e48       0x3c zephyr/libzephyr.a(crc8_sw.c.obj)
                0x0000000000014e48                crc8_ccitt
 .text.extract_flags
                0x0000000000014e84       0xc4 zephyr/libzephyr.a(cbprintf_complete.c.obj)
 .text.z_cbvprintf_impl
                0x0000000000014f48      0x598 zephyr/libzephyr.a(cbprintf_complete.c.obj)
                0x0000000000014f48                z_cbvprintf_impl
 .text.mpsc_pbuf_init
                0x00000000000154e0       0x68 zephyr/libzephyr.a(mpsc_pbuf.c.obj)
                0x00000000000154e0                mpsc_pbuf_init
 .text.mpsc_pbuf_alloc
                0x0000000000015548      0x1f4 zephyr/libzephyr.a(mpsc_pbuf.c.obj)
                0x0000000000015548                mpsc_pbuf_alloc
 .text.mpsc_pbuf_commit
                0x000000000001573c       0xc8 zephyr/libzephyr.a(mpsc_pbuf.c.obj)
                0x000000000001573c                mpsc_pbuf_commit
 .text.mpsc_pbuf_claim
                0x0000000000015804      0x15c zephyr/libzephyr.a(mpsc_pbuf.c.obj)
                0x0000000000015804                mpsc_pbuf_claim
 .text.mpsc_pbuf_free
                0x0000000000015960       0xf0 zephyr/libzephyr.a(mpsc_pbuf.c.obj)
                0x0000000000015960                mpsc_pbuf_free
 .text.nrfx_coredep_delay_us
                0x0000000000015a50       0x2c zephyr/libzephyr.a(soc.c.obj)
 .text.nordicsemi_nrf53_init
                0x0000000000015a7c       0x50 zephyr/libzephyr.a(soc.c.obj)
 .text.z_arm_on_enter_cpu_idle
                0x0000000000015acc       0xe4 zephyr/libzephyr.a(soc.c.obj)
                0x0000000000015acc                z_arm_on_enter_cpu_idle
 .text.mbox_rx_init
                0x0000000000015bb0       0x30 zephyr/libzephyr.a(sync_rtc.c.obj)
 .text.nrf_ipc_send_task_get
                0x0000000000015be0       0x34 zephyr/libzephyr.a(sync_rtc.c.obj)
 .text.nrfx_gppi_event_endpoint_setup
                0x0000000000015c14       0x34 zephyr/libzephyr.a(sync_rtc.c.obj)
 .text.nrfx_gppi_event_endpoint_clear
                0x0000000000015c48       0x34 zephyr/libzephyr.a(sync_rtc.c.obj)
 .text.nrf_ipc_receive_event_get
                0x0000000000015c7c       0x34 zephyr/libzephyr.a(sync_rtc.c.obj)
 .text.nrfx_gppi_task_endpoint_setup
                0x0000000000015cb0       0x34 zephyr/libzephyr.a(sync_rtc.c.obj)
 .text.nrfx_gppi_task_endpoint_clear
                0x0000000000015ce4       0x34 zephyr/libzephyr.a(sync_rtc.c.obj)
 .text.free_resources
                0x0000000000015d18       0x50 zephyr/libzephyr.a(sync_rtc.c.obj)
 .text.ppi_rtc_to_ipc
                0x0000000000015d68       0x44 zephyr/libzephyr.a(sync_rtc.c.obj)
 .text.ppi_ipc_to_rtc
                0x0000000000015dac       0x40 zephyr/libzephyr.a(sync_rtc.c.obj)
 .text.remote_callback
                0x0000000000015dec       0x40 zephyr/libzephyr.a(sync_rtc.c.obj)
 .text.mbox_callback
                0x0000000000015e2c       0x40 zephyr/libzephyr.a(sync_rtc.c.obj)
 .text.sync_rtc_setup
                0x0000000000015e6c       0xe4 zephyr/libzephyr.a(sync_rtc.c.obj)
 .text.z_arm_platform_init
                0x0000000000015f50        0x4 zephyr/libzephyr.a(soc_nrf_common.S.obj)
                0x0000000000015f50                z_arm_platform_init
 .text.soc_secure_gpio_pin_mcu_select
                0x0000000000015f54       0x6c zephyr/libzephyr.a(soc_secure.c.obj)
                0x0000000000015f54                soc_secure_gpio_pin_mcu_select
 .text.log_backend_is_active
                0x0000000000015fc0       0x30 zephyr/libzephyr.a(log_core.c.obj)
 .text.log_backend_init
                0x0000000000015ff0       0x30 zephyr/libzephyr.a(log_core.c.obj)
 .text.log_backend_is_ready
                0x0000000000016020       0x34 zephyr/libzephyr.a(log_core.c.obj)
 .text.log_backend_panic
                0x0000000000016054       0x30 zephyr/libzephyr.a(log_core.c.obj)
 .text.log_backend_dropped
                0x0000000000016084       0x30 zephyr/libzephyr.a(log_core.c.obj)
 .text.log_backend_msg_process
                0x00000000000160b4       0x4c zephyr/libzephyr.a(log_core.c.obj)
 .text.msg_process
                0x0000000000016100       0x70 zephyr/libzephyr.a(log_core.c.obj)
 .text.log_backend_notify
                0x0000000000016170       0x38 zephyr/libzephyr.a(log_core.c.obj)
 .text.log_backend_notify_all
                0x00000000000161a8       0x5c zephyr/libzephyr.a(log_core.c.obj)
 .text.activate_foreach_backend
                0x0000000000016204       0x50 zephyr/libzephyr.a(log_core.c.obj)
 .text.z_log_init
                0x0000000000016254       0xe4 zephyr/libzephyr.a(log_core.c.obj)
 .text.thread_set
                0x0000000000016338       0x28 zephyr/libzephyr.a(log_core.c.obj)
 .text.log_process_thread_timer_expiry_fn
                0x0000000000016360       0x10 zephyr/libzephyr.a(log_core.c.obj)
 .text.enable_logger
                0x0000000000016370       0x5c zephyr/libzephyr.a(log_core.c.obj)
 .text.log_format_func_t_get
                0x00000000000163cc        0xc zephyr/libzephyr.a(log_core.c.obj)
                0x00000000000163cc                log_format_func_t_get
 .text.log_set_timestamp_func
                0x00000000000163d8       0x24 zephyr/libzephyr.a(log_core.c.obj)
                0x00000000000163d8                log_set_timestamp_func
 .text.z_log_notify_backend_enabled
                0x00000000000163fc       0x20 zephyr/libzephyr.a(log_core.c.obj)
                0x00000000000163fc                z_log_notify_backend_enabled
 .text.z_log_dropped
                0x000000000001641c       0x30 zephyr/libzephyr.a(log_core.c.obj)
                0x000000000001641c                z_log_dropped
 .text.z_log_dropped_read_and_clear
                0x000000000001644c       0x18 zephyr/libzephyr.a(log_core.c.obj)
                0x000000000001644c                z_log_dropped_read_and_clear
 .text.dropped_notify
                0x0000000000016464       0x68 zephyr/libzephyr.a(log_core.c.obj)
                0x0000000000016464                dropped_notify
 .text.z_log_dropped_pending
                0x00000000000164cc       0x14 zephyr/libzephyr.a(log_core.c.obj)
                0x00000000000164cc                z_log_dropped_pending
 .text.z_log_msg_init
                0x00000000000164e0       0x20 zephyr/libzephyr.a(log_core.c.obj)
                0x00000000000164e0                z_log_msg_init
 .text.log_core_init
                0x0000000000016500       0x28 zephyr/libzephyr.a(log_core.c.obj)
                0x0000000000016500                log_core_init
 .text.z_log_msg_alloc
                0x0000000000016528       0x10 zephyr/libzephyr.a(log_core.c.obj)
                0x0000000000016528                z_log_msg_alloc
 .text.z_log_msg_local_claim
                0x0000000000016538       0x10 zephyr/libzephyr.a(log_core.c.obj)
                0x0000000000016538                z_log_msg_local_claim
 .text.z_log_msg_free
                0x0000000000016548       0x14 zephyr/libzephyr.a(log_core.c.obj)
                0x0000000000016548                z_log_msg_free
 .text.z_log_msg_pending
                0x000000000001655c       0x10 zephyr/libzephyr.a(log_core.c.obj)
                0x000000000001655c                z_log_msg_pending
 .text.z_impl_log_process
                0x000000000001656c       0xb4 zephyr/libzephyr.a(log_core.c.obj)
                0x000000000001656c                z_impl_log_process
 .text.z_impl_log_panic
                0x0000000000016620       0x84 zephyr/libzephyr.a(log_core.c.obj)
                0x0000000000016620                z_impl_log_panic
 .text.z_log_msg_post_finalize
                0x00000000000166a4       0xf0 zephyr/libzephyr.a(log_core.c.obj)
 .text.z_log_msg_commit
                0x0000000000016794       0x20 zephyr/libzephyr.a(log_core.c.obj)
                0x0000000000016794                z_log_msg_commit
 .text.log_process_thread_func
                0x00000000000167b4       0xa8 zephyr/libzephyr.a(log_core.c.obj)
 .text.log_backend_id_set
                0x000000000001685c       0x2c zephyr/libzephyr.a(log_mgmt.c.obj)
 .text.log_backend_activate
                0x0000000000016888       0x38 zephyr/libzephyr.a(log_mgmt.c.obj)
 .text.log_src_cnt_get
                0x00000000000168c0       0x14 zephyr/libzephyr.a(log_mgmt.c.obj)
                0x00000000000168c0                log_src_cnt_get
 .text.log_source_name_get
                0x00000000000168d4       0x1c zephyr/libzephyr.a(log_mgmt.c.obj)
                0x00000000000168d4                log_source_name_get
 .text.log_backend_enable
                0x00000000000168f0       0x2c zephyr/libzephyr.a(log_mgmt.c.obj)
                0x00000000000168f0                log_backend_enable
 .text.cbprintf_package_copy
                0x000000000001691c       0x30 zephyr/libzephyr.a(log_msg.c.obj)
 .text.z_impl_z_log_msg_static_create
                0x000000000001694c       0xb8 zephyr/libzephyr.a(log_msg.c.obj)
                0x000000000001694c                z_impl_z_log_msg_static_create
 .text.z_impl_z_log_msg_runtime_vcreate
                0x0000000000016a04       0xd4 zephyr/libzephyr.a(log_msg.c.obj)
                0x0000000000016a04                z_impl_z_log_msg_runtime_vcreate
 .text.print_formatted
                0x0000000000016ad8       0x28 zephyr/libzephyr.a(log_output.c.obj)
 .text.timestamp_print
                0x0000000000016b00       0x8c zephyr/libzephyr.a(log_output.c.obj)
 .text.color_print
                0x0000000000016b8c       0x2c zephyr/libzephyr.a(log_output.c.obj)
 .text.ids_print
                0x0000000000016bb8       0x6c zephyr/libzephyr.a(log_output.c.obj)
 .text.prefix_print
                0x0000000000016c24       0x74 zephyr/libzephyr.a(log_output.c.obj)
 .text.newline_print
                0x0000000000016c98       0x28 zephyr/libzephyr.a(log_output.c.obj)
 .text.hexdump_line_print
                0x0000000000016cc0       0xbc zephyr/libzephyr.a(log_output.c.obj)
 .text.out_func
                0x0000000000016d7c       0x5c zephyr/libzephyr.a(log_output.c.obj)
 .text.log_output_process
                0x0000000000016dd8       0xac zephyr/libzephyr.a(log_output.c.obj)
                0x0000000000016dd8                log_output_process
 .text.log_output_msg_process
                0x0000000000016e84       0x6c zephyr/libzephyr.a(log_output.c.obj)
                0x0000000000016e84                log_output_msg_process
 .text.log_output_dropped_process
                0x0000000000016ef0       0x58 zephyr/libzephyr.a(log_output.c.obj)
                0x0000000000016ef0                log_output_dropped_process
 .text.log_output_timestamp_freq_set
                0x0000000000016f48       0x2c zephyr/libzephyr.a(log_output.c.obj)
                0x0000000000016f48                log_output_timestamp_freq_set
 .text.log_backend_rtt_init
                0x0000000000016f74       0x1c zephyr/libzephyr.a(log_backend_rtt.c.obj)
 .text.format_set
                0x0000000000016f90        0xc zephyr/libzephyr.a(log_backend_rtt.c.obj)
 .text.on_failed_write
                0x0000000000016f9c       0x2c zephyr/libzephyr.a(log_backend_rtt.c.obj)
 .text.on_write
                0x0000000000016fc8       0x38 zephyr/libzephyr.a(log_backend_rtt.c.obj)
 .text.data_out_block_mode
                0x0000000000017000       0x70 zephyr/libzephyr.a(log_backend_rtt.c.obj)
 .text.panic    0x0000000000017070       0x18 zephyr/libzephyr.a(log_backend_rtt.c.obj)
 .text.dropped  0x0000000000017088       0x10 zephyr/libzephyr.a(log_backend_rtt.c.obj)
 .text.process  0x0000000000017098       0x20 zephyr/libzephyr.a(log_backend_rtt.c.obj)
 .text.char_out
                0x00000000000170b8       0x24 zephyr/libzephyr.a(log_backend_uart.c.obj)
 .text.format_set
                0x00000000000170dc        0xc zephyr/libzephyr.a(log_backend_uart.c.obj)
 .text.log_backend_uart_init
                0x00000000000170e8       0x34 zephyr/libzephyr.a(log_backend_uart.c.obj)
 .text.panic    0x000000000001711c       0x18 zephyr/libzephyr.a(log_backend_uart.c.obj)
 .text.dropped  0x0000000000017134       0x10 zephyr/libzephyr.a(log_backend_uart.c.obj)
 .text.process  0x0000000000017144       0x20 zephyr/libzephyr.a(log_backend_uart.c.obj)
 .text.nvs_startup
                0x0000000000017164      0x310 zephyr/libzephyr.a(nvs.c.obj)
 .text.nvs_mount
                0x0000000000017474      0x3d8 zephyr/libzephyr.a(nvs.c.obj)
                0x0000000000017474                nvs_mount
 .text.nvs_write
                0x000000000001784c      0x1b4 zephyr/libzephyr.a(nvs.c.obj)
                0x000000000001784c                nvs_write
 .text.nvs_read_hist
                0x0000000000017a00      0x128 zephyr/libzephyr.a(nvs.c.obj)
                0x0000000000017a00                nvs_read_hist
 .text.ipc_service_open_instance
                0x0000000000017b28       0xc8 zephyr/libzephyr.a(ipc_service.c.obj)
                0x0000000000017b28                ipc_service_open_instance
 .text.ipc_service_register_endpoint
                0x0000000000017bf0       0xd0 zephyr/libzephyr.a(ipc_service.c.obj)
                0x0000000000017bf0                ipc_service_register_endpoint
 .text.ipc_service_send
                0x0000000000017cc0      0x128 zephyr/libzephyr.a(ipc_service.c.obj)
                0x0000000000017cc0                ipc_service_send
 .text.rpmsg_send_nocopy
                0x0000000000017de8       0x20 zephyr/libzephyr.a(ipc_rpmsg_static_vrings.c.obj)
 .text.shared_memory_prepare
                0x0000000000017e08       0x44 zephyr/libzephyr.a(ipc_rpmsg_static_vrings.c.obj)
 .text.get_available_ept_slot
                0x0000000000017e4c       0x10 zephyr/libzephyr.a(ipc_rpmsg_static_vrings.c.obj)
 .text.check_endpoints_freed
                0x0000000000017e5c       0x2c zephyr/libzephyr.a(ipc_rpmsg_static_vrings.c.obj)
 .text.advertise_ept
                0x0000000000017e88       0x3c zephyr/libzephyr.a(ipc_rpmsg_static_vrings.c.obj)
 .text.rpmsg_send
                0x0000000000017ec4       0x24 zephyr/libzephyr.a(ipc_rpmsg_static_vrings.c.obj)
 .text.send     0x0000000000017ee8       0x48 zephyr/libzephyr.a(ipc_rpmsg_static_vrings.c.obj)
 .text.bound_cb
                0x0000000000017f30       0x1c zephyr/libzephyr.a(ipc_rpmsg_static_vrings.c.obj)
 .text.mbox_init
                0x0000000000017f4c       0x6c zephyr/libzephyr.a(ipc_rpmsg_static_vrings.c.obj)
 .text.open     0x0000000000017fb8       0xe0 zephyr/libzephyr.a(ipc_rpmsg_static_vrings.c.obj)
 .text.ns_bind_cb
                0x0000000000018098       0x78 zephyr/libzephyr.a(ipc_rpmsg.c.obj)
 .text.ipc_rpmsg_register_ept
                0x0000000000018110       0x48 zephyr/libzephyr.a(ipc_rpmsg.c.obj)
                0x0000000000018110                ipc_rpmsg_register_ept
 .text.ipc_rpmsg_init
                0x0000000000018158       0x74 zephyr/libzephyr.a(ipc_rpmsg.c.obj)
                0x0000000000018158                ipc_rpmsg_init
 .text.libmetal_setup
                0x00000000000181cc       0x58 zephyr/libzephyr.a(ipc_static_vrings.c.obj)
 .text.vq_setup
                0x0000000000018224       0x84 zephyr/libzephyr.a(ipc_static_vrings.c.obj)
 .text.ipc_static_vrings_init
                0x00000000000182a8       0x54 zephyr/libzephyr.a(ipc_static_vrings.c.obj)
                0x00000000000182a8                ipc_static_vrings_init
 .text.get_flash_area_from_id
                0x00000000000182fc       0x30 zephyr/libzephyr.a(flash_map.c.obj)
 .text.flash_area_open
                0x000000000001832c       0x38 zephyr/libzephyr.a(flash_map.c.obj)
                0x000000000001832c                flash_area_open
 .text.flash_area_get_sectors
                0x0000000000018364       0x18 zephyr/libzephyr.a(flash_map_layout.c.obj)
                0x0000000000018364                flash_area_get_sectors
 .text.settings_save_one
                0x000000000001837c       0x4c zephyr/libzephyr.a(settings_store.c.obj)
                0x000000000001837c                settings_save_one
 .text.settings_src_register
                0x00000000000183c8       0x20 zephyr/libzephyr.a(settings_store.c.obj)
                0x00000000000183c8                settings_src_register
 .text.settings_dst_register
                0x00000000000183e8        0xc zephyr/libzephyr.a(settings_store.c.obj)
                0x00000000000183e8                settings_dst_register
 .text.settings_load_subtree
                0x00000000000183f4       0x5c zephyr/libzephyr.a(settings_store.c.obj)
                0x00000000000183f4                settings_load_subtree
 .text.settings_load_subtree_direct
                0x0000000000018450       0x4c zephyr/libzephyr.a(settings_store.c.obj)
                0x0000000000018450                settings_load_subtree_direct
 .text.settings_store_init
                0x000000000001849c       0x10 zephyr/libzephyr.a(settings_store.c.obj)
                0x000000000001849c                settings_store_init
 .text.settings_init
                0x00000000000184ac       0x14 zephyr/libzephyr.a(settings.c.obj)
                0x00000000000184ac                settings_init
 .text.settings_parse_and_lookup
                0x00000000000184c0       0xe8 zephyr/libzephyr.a(settings.c.obj)
                0x00000000000184c0                settings_parse_and_lookup
 .text.settings_call_set_handler
                0x00000000000185a8      0x128 zephyr/libzephyr.a(settings.c.obj)
                0x00000000000185a8                settings_call_set_handler
 .text.settings_commit_subtree
                0x00000000000186d0       0xb0 zephyr/libzephyr.a(settings.c.obj)
                0x00000000000186d0                settings_commit_subtree
 .text.settings_subsys_init
                0x0000000000018780       0x40 zephyr/libzephyr.a(settings_init.c.obj)
                0x0000000000018780                settings_subsys_init
 .text.settings_nvs_load
                0x00000000000187c0       0xbc zephyr/libzephyr.a(settings_nvs.c.obj)
 .text.settings_nvs_src
                0x000000000001887c       0x14 zephyr/libzephyr.a(settings_nvs.c.obj)
                0x000000000001887c                settings_nvs_src
 .text.settings_nvs_dst
                0x0000000000018890       0x14 zephyr/libzephyr.a(settings_nvs.c.obj)
                0x0000000000018890                settings_nvs_dst
 .text.settings_backend_init
                0x00000000000188a4       0x9c zephyr/libzephyr.a(settings_nvs.c.obj)
                0x00000000000188a4                settings_backend_init
 .text.pm_exit_pos_ops
                0x0000000000018940       0x20 zephyr/libzephyr.a(pm.c.obj)
 .text.pm_state_notify
                0x0000000000018960       0xc8 zephyr/libzephyr.a(pm.c.obj)
 .text.pm_system_resume
                0x0000000000018a28       0x48 zephyr/libzephyr.a(pm.c.obj)
                0x0000000000018a28                pm_system_resume
 .text.pm_system_suspend
                0x0000000000018a70      0x17c zephyr/libzephyr.a(pm.c.obj)
                0x0000000000018a70                pm_system_suspend
 .text.pm_policy_next_state
                0x0000000000018bec       0x98 zephyr/libzephyr.a(policy.c.obj)
                0x0000000000018bec                pm_policy_next_state
 .text.pm_state_cpu_get_all
                0x0000000000018c84       0x10 zephyr/libzephyr.a(state.c.obj)
                0x0000000000018c84                pm_state_cpu_get_all
 .text.nus_ccc_cfg_changed
                0x0000000000018c94       0x18 zephyr/libzephyr.a(nus.c.obj)
 .text.on_receive
                0x0000000000018cac       0x18 zephyr/libzephyr.a(nus.c.obj)
 .text.on_sent  0x0000000000018cc4       0x10 zephyr/libzephyr.a(nus.c.obj)
 .text.bt_nus_init
                0x0000000000018cd4       0x18 zephyr/libzephyr.a(nus.c.obj)
                0x0000000000018cd4                bt_nus_init
 .text.bt_nus_send
                0x0000000000018cec       0x50 zephyr/libzephyr.a(nus.c.obj)
                0x0000000000018cec                bt_nus_send
 .text.tc_aes128_set_encrypt_key
                0x0000000000018d3c       0xc4 zephyr/libzephyr.a(aes_encrypt.c.obj)
                0x0000000000018d3c                tc_aes128_set_encrypt_key
 .text.tc_aes_encrypt
                0x0000000000018e00       0xb4 zephyr/libzephyr.a(aes_encrypt.c.obj)
                0x0000000000018e00                tc_aes_encrypt
 .text.compress
                0x0000000000018eb4      0x198 zephyr/libzephyr.a(sha256.c.obj)
 .text.tc_sha256_init
                0x000000000001904c       0x5c zephyr/libzephyr.a(sha256.c.obj)
                0x000000000001904c                tc_sha256_init
 .text.z_arm_cpu_idle_init
                0x00000000000190a8        0xc zephyr/arch/arch/arm/core/aarch32/libarch__arm__core__aarch32.a(cpu_idle.S.obj)
                0x00000000000190a8                z_arm_cpu_idle_init
 .text.arch_cpu_idle
                0x00000000000190b4       0x28 zephyr/arch/arch/arm/core/aarch32/libarch__arm__core__aarch32.a(cpu_idle.S.obj)
                0x00000000000190b4                arch_cpu_idle
 .text.arch_cpu_atomic_idle
                0x00000000000190dc       0x24 zephyr/arch/arch/arm/core/aarch32/libarch__arm__core__aarch32.a(cpu_idle.S.obj)
                0x00000000000190dc                arch_cpu_atomic_idle
 .text.esf_dump
                0x0000000000019100      0x24c zephyr/arch/arch/arm/core/aarch32/libarch__arm__core__aarch32.a(fatal.c.obj)
 .text.__NVIC_EnableIRQ
                0x000000000001934c       0x1c zephyr/arch/arch/arm/core/aarch32/libarch__arm__core__aarch32.a(irq_manage.c.obj)
 .text.__NVIC_DisableIRQ
                0x0000000000019368       0x24 zephyr/arch/arch/arm/core/aarch32/libarch__arm__core__aarch32.a(irq_manage.c.obj)
 .text.__NVIC_SetPriority
                0x000000000001938c       0x28 zephyr/arch/arch/arm/core/aarch32/libarch__arm__core__aarch32.a(irq_manage.c.obj)
 .text.arch_irq_is_enabled
                0x00000000000193b4       0x1c zephyr/arch/arch/arm/core/aarch32/libarch__arm__core__aarch32.a(irq_manage.c.obj)
                0x00000000000193b4                arch_irq_is_enabled
 .text.z_arm_irq_priority_set
                0x00000000000193d0       0x48 zephyr/arch/arch/arm/core/aarch32/libarch__arm__core__aarch32.a(irq_manage.c.obj)
                0x00000000000193d0                z_arm_irq_priority_set
 .text.z_SysNmiOnReset
                0x0000000000019418        0x8 zephyr/arch/arch/arm/core/aarch32/libarch__arm__core__aarch32.a(nmi_on_reset.S.obj)
                0x0000000000019418                z_SysNmiOnReset
 .text.z_arm_prep_c
                0x0000000000019420       0x38 zephyr/arch/arch/arm/core/aarch32/libarch__arm__core__aarch32.a(prep_c.c.obj)
                0x0000000000019420                z_arm_prep_c
 .text.arch_swap
                0x0000000000019458       0x38 zephyr/arch/arch/arm/core/aarch32/libarch__arm__core__aarch32.a(swap.c.obj)
                0x0000000000019458                arch_swap
 .text.z_arm_pendsv
                0x0000000000019490       0x64 zephyr/arch/arch/arm/core/aarch32/libarch__arm__core__aarch32.a(swap_helper.S.obj)
                0x0000000000019490                z_arm_pendsv
 .text.z_arm_svc
                0x00000000000194f4       0x20 zephyr/arch/arch/arm/core/aarch32/libarch__arm__core__aarch32.a(swap_helper.S.obj)
                0x00000000000194f4                z_arm_svc
 .text.arch_new_thread
                0x0000000000019514       0x4c zephyr/arch/arch/arm/core/aarch32/libarch__arm__core__aarch32.a(thread.c.obj)
                0x0000000000019514                arch_new_thread
 .text.arch_switch_to_main_thread
                0x0000000000019560       0x2c zephyr/arch/arch/arm/core/aarch32/libarch__arm__core__aarch32.a(thread.c.obj)
                0x0000000000019560                arch_switch_to_main_thread
 .text._isr_wrapper
                0x000000000001958c       0x40 zephyr/arch/arch/arm/core/aarch32/libarch__arm__core__aarch32.a(isr_wrapper.S.obj)
                0x000000000001958c                _isr_wrapper
 .text._HandlerModeExit
                0x00000000000195cc       0x1c zephyr/arch/arch/arm/core/aarch32/cortex_m/libarch__arm__core__aarch32__cortex_m.a(exc_exit.S.obj)
                0x00000000000195cc                z_arm_exc_exit
                0x00000000000195cc                z_arm_int_exit
 .text.z_arm_is_synchronous_svc
                0x00000000000195e8       0x3c zephyr/arch/arch/arm/core/aarch32/cortex_m/libarch__arm__core__aarch32__cortex_m.a(fault.c.obj)
 .text.get_esf  0x0000000000019624       0xac zephyr/arch/arch/arm/core/aarch32/cortex_m/libarch__arm__core__aarch32__cortex_m.a(fault.c.obj)
 .text.mem_manage_fault
                0x00000000000196d0      0x334 zephyr/arch/arch/arm/core/aarch32/cortex_m/libarch__arm__core__aarch32__cortex_m.a(fault.c.obj)
 .text.bus_fault
                0x0000000000019a04      0x328 zephyr/arch/arch/arm/core/aarch32/cortex_m/libarch__arm__core__aarch32__cortex_m.a(fault.c.obj)
 .text.usage_fault
                0x0000000000019d2c      0x2ec zephyr/arch/arch/arm/core/aarch32/cortex_m/libarch__arm__core__aarch32__cortex_m.a(fault.c.obj)
 .text.hard_fault
                0x000000000001a018      0x290 zephyr/arch/arch/arm/core/aarch32/cortex_m/libarch__arm__core__aarch32__cortex_m.a(fault.c.obj)
 .text.debug_monitor
                0x000000000001a2a8       0x60 zephyr/arch/arch/arm/core/aarch32/cortex_m/libarch__arm__core__aarch32__cortex_m.a(fault.c.obj)
 .text.reserved_exception
                0x000000000001a308       0xdc zephyr/arch/arch/arm/core/aarch32/cortex_m/libarch__arm__core__aarch32__cortex_m.a(fault.c.obj)
 .text.z_arm_fault
                0x000000000001a3e4       0xa8 zephyr/arch/arch/arm/core/aarch32/cortex_m/libarch__arm__core__aarch32__cortex_m.a(fault.c.obj)
                0x000000000001a3e4                z_arm_fault
 .text.z_arm_fault_init
                0x000000000001a48c       0x18 zephyr/arch/arch/arm/core/aarch32/cortex_m/libarch__arm__core__aarch32__cortex_m.a(fault.c.obj)
                0x000000000001a48c                z_arm_fault_init
 .text.__fault  0x000000000001a4a4       0x14 zephyr/arch/arch/arm/core/aarch32/cortex_m/libarch__arm__core__aarch32__cortex_m.a(fault_s.S.obj)
                0x000000000001a4a4                z_arm_bus_fault
                0x000000000001a4a4                z_arm_usage_fault
                0x000000000001a4a4                z_arm_mpu_fault
                0x000000000001a4a4                z_arm_exc_spurious
                0x000000000001a4a4                z_arm_debug_monitor
                0x000000000001a4a4                z_arm_hard_fault
 .text.z_arm_interrupt_init
                0x000000000001a4b8       0x34 zephyr/arch/arch/arm/core/aarch32/cortex_m/libarch__arm__core__aarch32__cortex_m.a(irq_init.c.obj)
                0x000000000001a4b8                z_arm_interrupt_init
 .text._reset_section
                0x000000000001a4ec       0x68 zephyr/arch/arch/arm/core/aarch32/cortex_m/libarch__arm__core__aarch32__cortex_m.a(reset.S.obj)
                0x000000000001a4ec                z_arm_reset
                0x000000000001a4ec                __start
 .text.z_arm_clear_arm_mpu_config
                0x000000000001a554       0x28 zephyr/arch/arch/arm/core/aarch32/cortex_m/libarch__arm__core__aarch32__cortex_m.a(scb.c.obj)
                0x000000000001a554                z_arm_clear_arm_mpu_config
 .text.z_arm_init_arch_hw_at_boot
                0x000000000001a57c       0x54 zephyr/arch/arch/arm/core/aarch32/cortex_m/libarch__arm__core__aarch32__cortex_m.a(scb.c.obj)
                0x000000000001a57c                z_arm_init_arch_hw_at_boot
 .text.z_impl_k_thread_abort
                0x000000000001a5d0       0x34 zephyr/arch/arch/arm/core/aarch32/cortex_m/libarch__arm__core__aarch32__cortex_m.a(thread_abort.c.obj)
                0x000000000001a5d0                z_impl_k_thread_abort
 .text.z_arm_configure_static_mpu_regions
                0x000000000001a604       0x40 zephyr/arch/arch/arm/core/aarch32/mpu/libarch__arm__core__aarch32__mpu.a(arm_core_mpu.c.obj)
                0x000000000001a604                z_arm_configure_static_mpu_regions
 .text.mpu_init
                0x000000000001a644       0x14 zephyr/arch/arch/arm/core/aarch32/mpu/libarch__arm__core__aarch32__mpu.a(arm_mpu.c.obj)
 .text.mpu_set_region
                0x000000000001a658       0x14 zephyr/arch/arch/arm/core/aarch32/mpu/libarch__arm__core__aarch32__mpu.a(arm_mpu.c.obj)
 .text.mpu_region_get_conf
                0x000000000001a66c       0x40 zephyr/arch/arch/arm/core/aarch32/mpu/libarch__arm__core__aarch32__mpu.a(arm_mpu.c.obj)
 .text.mpu_mark_areas_for_dynamic_regions
                0x000000000001a6ac       0x60 zephyr/arch/arch/arm/core/aarch32/mpu/libarch__arm__core__aarch32__mpu.a(arm_mpu.c.obj)
 .text.region_allocate_and_init
                0x000000000001a70c       0x9c zephyr/arch/arch/arm/core/aarch32/mpu/libarch__arm__core__aarch32__mpu.a(arm_mpu.c.obj)
 .text.mpu_configure_regions_and_partition
                0x000000000001a7a8      0x290 zephyr/arch/arch/arm/core/aarch32/mpu/libarch__arm__core__aarch32__mpu.a(arm_mpu.c.obj)
 .text.mpu_configure_static_mpu_regions
                0x000000000001aa38       0x14 zephyr/arch/arch/arm/core/aarch32/mpu/libarch__arm__core__aarch32__mpu.a(arm_mpu.c.obj)
 .text.arm_core_mpu_enable
                0x000000000001aa4c       0x18 zephyr/arch/arch/arm/core/aarch32/mpu/libarch__arm__core__aarch32__mpu.a(arm_mpu.c.obj)
                0x000000000001aa4c                arm_core_mpu_enable
 .text.arm_core_mpu_disable
                0x000000000001aa64       0x14 zephyr/arch/arch/arm/core/aarch32/mpu/libarch__arm__core__aarch32__mpu.a(arm_mpu.c.obj)
                0x000000000001aa64                arm_core_mpu_disable
 .text.arm_core_mpu_configure_static_mpu_regions
                0x000000000001aa78       0x44 zephyr/arch/arch/arm/core/aarch32/mpu/libarch__arm__core__aarch32__mpu.a(arm_mpu.c.obj)
                0x000000000001aa78                arm_core_mpu_configure_static_mpu_regions
 .text.arm_core_mpu_mark_areas_for_dynamic_regions
                0x000000000001aabc       0x44 zephyr/arch/arch/arm/core/aarch32/mpu/libarch__arm__core__aarch32__mpu.a(arm_mpu.c.obj)
                0x000000000001aabc                arm_core_mpu_mark_areas_for_dynamic_regions
 .text.z_arm_mpu_init
                0x000000000001ab00       0xac zephyr/arch/arch/arm/core/aarch32/mpu/libarch__arm__core__aarch32__mpu.a(arm_mpu.c.obj)
                0x000000000001ab00                z_arm_mpu_init
 .text.__stdout_hook_install
                0x000000000001abac        0xc zephyr/lib/libc/minimal/liblib__libc__minimal.a(stdout_console.c.obj)
                0x000000000001abac                __stdout_hook_install
 .text.snprintf
                0x000000000001abb8       0x38 zephyr/lib/libc/minimal/liblib__libc__minimal.a(sprintf.c.obj)
                0x000000000001abb8                snprintf
 .text.remoteproc_mgr_boot
                0x000000000001abf0       0x10 zephyr/boards/arm/nrf5340dk_nrf5340/libboards__arm__nrf5340dk_nrf5340.a(nrf5340_cpunet_reset.c.obj)
 .text.bt_addr_le_to_str
                0x000000000001ac00       0x90 zephyr/subsys/bluetooth/common/libsubsys__bluetooth__common.a(bt_str.c.obj)
 .text.bt_hex   0x000000000001ac90       0x58 zephyr/subsys/bluetooth/common/libsubsys__bluetooth__common.a(bt_str.c.obj)
                0x000000000001ac90                bt_hex
 .text.bt_addr_le_str
                0x000000000001ace8       0x14 zephyr/subsys/bluetooth/common/libsubsys__bluetooth__common.a(bt_str.c.obj)
                0x000000000001ace8                bt_addr_le_str
 .text.save_id  0x000000000001acfc       0xf8 zephyr/subsys/bluetooth/host/libsubsys__bluetooth__host.a(settings.c.obj)
 .text.set_setting
                0x000000000001adf4      0x194 zephyr/subsys/bluetooth/host/libsubsys__bluetooth__host.a(settings.c.obj)
 .text.bt_settings_encode_key
                0x000000000001af88       0x78 zephyr/subsys/bluetooth/host/libsubsys__bluetooth__host.a(settings.c.obj)
                0x000000000001af88                bt_settings_encode_key
 .text.bt_settings_save_id
                0x000000000001b000       0x10 zephyr/subsys/bluetooth/host/libsubsys__bluetooth__host.a(settings.c.obj)
                0x000000000001b000                bt_settings_save_id
 .text.commit_settings
                0x000000000001b010      0x118 zephyr/subsys/bluetooth/host/libsubsys__bluetooth__host.a(settings.c.obj)
 .text.bt_settings_init
                0x000000000001b128       0x98 zephyr/subsys/bluetooth/host/libsubsys__bluetooth__host.a(settings.c.obj)
                0x000000000001b128                bt_settings_init
 .text.long_wq_init
                0x000000000001b1c0       0x3c zephyr/subsys/bluetooth/host/libsubsys__bluetooth__host.a(long_wq.c.obj)
 .text.bt_long_wq_schedule
                0x000000000001b1fc       0x10 zephyr/subsys/bluetooth/host/libsubsys__bluetooth__host.a(long_wq.c.obj)
                0x000000000001b1fc                bt_long_wq_schedule
 .text.bt_long_wq_reschedule
                0x000000000001b20c       0x10 zephyr/subsys/bluetooth/host/libsubsys__bluetooth__host.a(long_wq.c.obj)
                0x000000000001b20c                bt_long_wq_reschedule
 .text.uuid_to_uuid128
                0x000000000001b21c       0x88 zephyr/subsys/bluetooth/host/libsubsys__bluetooth__host.a(uuid.c.obj)
 .text.bt_buf_get_rx
                0x000000000001b2a4       0x68 zephyr/subsys/bluetooth/host/libsubsys__bluetooth__host.a(buf.c.obj)
                0x000000000001b2a4                bt_buf_get_rx
 .text.bt_buf_get_cmd_complete
                0x000000000001b30c       0x34 zephyr/subsys/bluetooth/host/libsubsys__bluetooth__host.a(buf.c.obj)
                0x000000000001b30c                bt_buf_get_cmd_complete
 .text.bt_buf_get_evt
                0x000000000001b340       0x64 zephyr/subsys/bluetooth/host/libsubsys__bluetooth__host.a(buf.c.obj)
                0x000000000001b340                bt_buf_get_evt
 .text.conn_handle_disconnected
                0x000000000001b3a4       0x20 zephyr/subsys/bluetooth/host/libsubsys__bluetooth__host.a(hci_core.c.obj)
 .text.conn_handle_is_disconnected
                0x000000000001b3c4       0x2c zephyr/subsys/bluetooth/host/libsubsys__bluetooth__host.a(hci_core.c.obj)
 .text.read_local_ver_complete
                0x000000000001b3f0       0x2c zephyr/subsys/bluetooth/host/libsubsys__bluetooth__host.a(hci_core.c.obj)
 .text.le_read_supp_states_complete
                0x000000000001b41c       0x18 zephyr/subsys/bluetooth/host/libsubsys__bluetooth__host.a(hci_core.c.obj)
 .text.le_read_resolving_list_size_complete
                0x000000000001b434       0x10 zephyr/subsys/bluetooth/host/libsubsys__bluetooth__host.a(hci_core.c.obj)
 .text.hci_reset_complete
                0x000000000001b444       0x24 zephyr/subsys/bluetooth/host/libsubsys__bluetooth__host.a(hci_core.c.obj)
 .text.read_local_features_complete
                0x000000000001b468       0x14 zephyr/subsys/bluetooth/host/libsubsys__bluetooth__host.a(hci_core.c.obj)
 .text.read_supported_commands_complete
                0x000000000001b47c       0x14 zephyr/subsys/bluetooth/host/libsubsys__bluetooth__host.a(hci_core.c.obj)
 .text.read_le_features_complete
                0x000000000001b490       0x14 zephyr/subsys/bluetooth/host/libsubsys__bluetooth__host.a(hci_core.c.obj)
 .text.le_read_buffer_size_complete
                0x000000000001b4a4       0x28 zephyr/subsys/bluetooth/host/libsubsys__bluetooth__host.a(hci_core.c.obj)
 .text.read_buffer_size_complete
                0x000000000001b4cc       0x2c zephyr/subsys/bluetooth/host/libsubsys__bluetooth__host.a(hci_core.c.obj)
 .text.hci_data_buf_overflow
                0x000000000001b4f8       0x8c zephyr/subsys/bluetooth/host/libsubsys__bluetooth__host.a(hci_core.c.obj)
 .text.handle_event_common
                0x000000000001b584       0xcc zephyr/subsys/bluetooth/host/libsubsys__bluetooth__host.a(hci_core.c.obj)
 .text.find_pending_connect
                0x000000000001b650       0x34 zephyr/subsys/bluetooth/host/libsubsys__bluetooth__host.a(hci_core.c.obj)
 .text.le_conn_complete_adv_timeout
                0x000000000001b684       0x90 zephyr/subsys/bluetooth/host/libsubsys__bluetooth__host.a(hci_core.c.obj)
 .text.hci_disconn_complete
                0x000000000001b714       0xc0 zephyr/subsys/bluetooth/host/libsubsys__bluetooth__host.a(hci_core.c.obj)
 .text.le_remote_feat_complete
                0x000000000001b7d4       0xc8 zephyr/subsys/bluetooth/host/libsubsys__bluetooth__host.a(hci_core.c.obj)
 .text.hci_num_completed_packets
                0x000000000001b89c      0x1bc zephyr/subsys/bluetooth/host/libsubsys__bluetooth__host.a(hci_core.c.obj)
 .text.hci_cmd_done
                0x000000000001ba58      0x204 zephyr/subsys/bluetooth/host/libsubsys__bluetooth__host.a(hci_core.c.obj)
 .text.hci_cmd_status
                0x000000000001bc5c       0x28 zephyr/subsys/bluetooth/host/libsubsys__bluetooth__host.a(hci_core.c.obj)
 .text.hci_cmd_complete
                0x000000000001bc84       0x2c zephyr/subsys/bluetooth/host/libsubsys__bluetooth__host.a(hci_core.c.obj)
 .text.hci_hardware_error
                0x000000000001bcb0       0x94 zephyr/subsys/bluetooth/host/libsubsys__bluetooth__host.a(hci_core.c.obj)
 .text.handle_event
                0x000000000001bd44       0xf0 zephyr/subsys/bluetooth/host/libsubsys__bluetooth__host.a(hci_core.c.obj)
 .text.hci_event
                0x000000000001be34       0x84 zephyr/subsys/bluetooth/host/libsubsys__bluetooth__host.a(hci_core.c.obj)
 .text.hci_le_meta_event
                0x000000000001beb8       0x20 zephyr/subsys/bluetooth/host/libsubsys__bluetooth__host.a(hci_core.c.obj)
 .text.rx_queue_put
                0x000000000001bed8       0xb0 zephyr/subsys/bluetooth/host/libsubsys__bluetooth__host.a(hci_core.c.obj)
 .text.hci_acl  0x000000000001bf88      0x198 zephyr/subsys/bluetooth/host/libsubsys__bluetooth__host.a(hci_core.c.obj)
 .text.rx_work_handler
                0x000000000001c120      0x154 zephyr/subsys/bluetooth/host/libsubsys__bluetooth__host.a(hci_core.c.obj)
 .text.le_data_len_change
                0x000000000001c274       0xc0 zephyr/subsys/bluetooth/host/libsubsys__bluetooth__host.a(hci_core.c.obj)
 .text.le_conn_update_complete
                0x000000000001c334      0x154 zephyr/subsys/bluetooth/host/libsubsys__bluetooth__host.a(hci_core.c.obj)
 .text.bt_hci_cmd_state_set_init
                0x000000000001c488       0x24 zephyr/subsys/bluetooth/host/libsubsys__bluetooth__host.a(hci_core.c.obj)
                0x000000000001c488                bt_hci_cmd_state_set_init
 .text.bt_hci_cmd_create
                0x000000000001c4ac       0xa4 zephyr/subsys/bluetooth/host/libsubsys__bluetooth__host.a(hci_core.c.obj)
                0x000000000001c4ac                bt_hci_cmd_create
 .text.bt_hci_cmd_send_sync
                0x000000000001c550      0x170 zephyr/subsys/bluetooth/host/libsubsys__bluetooth__host.a(hci_core.c.obj)
                0x000000000001c550                bt_hci_cmd_send_sync
 .text.set_flow_control
                0x000000000001c6c0       0xdc zephyr/subsys/bluetooth/host/libsubsys__bluetooth__host.a(hci_core.c.obj)
 .text.common_init
                0x000000000001c79c       0xa4 zephyr/subsys/bluetooth/host/libsubsys__bluetooth__host.a(hci_core.c.obj)
 .text.le_set_event_mask
                0x000000000001c840       0xa0 zephyr/subsys/bluetooth/host/libsubsys__bluetooth__host.a(hci_core.c.obj)
 .text.le_init  0x000000000001c8e0      0x150 zephyr/subsys/bluetooth/host/libsubsys__bluetooth__host.a(hci_core.c.obj)
 .text.bt_br_init
                0x000000000001ca30       0x38 zephyr/subsys/bluetooth/host/libsubsys__bluetooth__host.a(hci_core.c.obj)
 .text.hci_vs_init
                0x000000000001ca68      0x164 zephyr/subsys/bluetooth/host/libsubsys__bluetooth__host.a(hci_core.c.obj)
 .text.hci_init
                0x000000000001cbcc       0xb0 zephyr/subsys/bluetooth/host/libsubsys__bluetooth__host.a(hci_core.c.obj)
 .text.conn_auto_initiate
                0x000000000001cc7c       0xc0 zephyr/subsys/bluetooth/host/libsubsys__bluetooth__host.a(hci_core.c.obj)
 .text.bt_hci_le_rand
                0x000000000001cd3c       0x58 zephyr/subsys/bluetooth/host/libsubsys__bluetooth__host.a(hci_core.c.obj)
                0x000000000001cd3c                bt_hci_le_rand
 .text.le_phy_update_complete
                0x000000000001cd94       0xbc zephyr/subsys/bluetooth/host/libsubsys__bluetooth__host.a(hci_core.c.obj)
 .text.bt_hci_le_enh_conn_complete
                0x000000000001ce50      0x2bc zephyr/subsys/bluetooth/host/libsubsys__bluetooth__host.a(hci_core.c.obj)
                0x000000000001ce50                bt_hci_le_enh_conn_complete
 .text.le_legacy_conn_complete
                0x000000000001d10c       0x6c zephyr/subsys/bluetooth/host/libsubsys__bluetooth__host.a(hci_core.c.obj)
 .text.hci_encrypt_key_refresh_complete
                0x000000000001d178      0x144 zephyr/subsys/bluetooth/host/libsubsys__bluetooth__host.a(hci_core.c.obj)
 .text.hci_encrypt_change
                0x000000000001d2bc      0x154 zephyr/subsys/bluetooth/host/libsubsys__bluetooth__host.a(hci_core.c.obj)
 .text.bt_send  0x000000000001d410       0x14 zephyr/subsys/bluetooth/host/libsubsys__bluetooth__host.a(hci_core.c.obj)
                0x000000000001d410                bt_send
 .text.bt_hci_cmd_send
                0x000000000001d424       0xd4 zephyr/subsys/bluetooth/host/libsubsys__bluetooth__host.a(hci_core.c.obj)
                0x000000000001d424                bt_hci_cmd_send
 .text.bt_hci_host_num_completed_packets
                0x000000000001d4f8      0x198 zephyr/subsys/bluetooth/host/libsubsys__bluetooth__host.a(hci_core.c.obj)
                0x000000000001d4f8                bt_hci_host_num_completed_packets
 .text.le_ltk_reply
                0x000000000001d690       0x8c zephyr/subsys/bluetooth/host/libsubsys__bluetooth__host.a(hci_core.c.obj)
 .text.le_ltk_neg_reply
                0x000000000001d71c       0x80 zephyr/subsys/bluetooth/host/libsubsys__bluetooth__host.a(hci_core.c.obj)
 .text.le_ltk_request
                0x000000000001d79c       0xcc zephyr/subsys/bluetooth/host/libsubsys__bluetooth__host.a(hci_core.c.obj)
 .text.le_conn_param_neg_reply
                0x000000000001d868       0x84 zephyr/subsys/bluetooth/host/libsubsys__bluetooth__host.a(hci_core.c.obj)
 .text.le_conn_param_req
                0x000000000001d8ec       0xd8 zephyr/subsys/bluetooth/host/libsubsys__bluetooth__host.a(hci_core.c.obj)
 .text.send_cmd
                0x000000000001d9c4      0x188 zephyr/subsys/bluetooth/host/libsubsys__bluetooth__host.a(hci_core.c.obj)
 .text.process_events
                0x000000000001db4c       0xc8 zephyr/subsys/bluetooth/host/libsubsys__bluetooth__host.a(hci_core.c.obj)
 .text.hci_tx_thread
                0x000000000001dc14       0x64 zephyr/subsys/bluetooth/host/libsubsys__bluetooth__host.a(hci_core.c.obj)
 .text.hci_event_prio
                0x000000000001dc78       0xb0 zephyr/subsys/bluetooth/host/libsubsys__bluetooth__host.a(hci_core.c.obj)
                0x000000000001dc78                hci_event_prio
 .text.bt_recv  0x000000000001dd28       0xd8 zephyr/subsys/bluetooth/host/libsubsys__bluetooth__host.a(hci_core.c.obj)
                0x000000000001dd28                bt_recv
 .text.bt_hci_driver_register
                0x000000000001de00       0x30 zephyr/subsys/bluetooth/host/libsubsys__bluetooth__host.a(hci_core.c.obj)
                0x000000000001de00                bt_hci_driver_register
 .text.bt_finalize_init
                0x000000000001de30       0x18 zephyr/subsys/bluetooth/host/libsubsys__bluetooth__host.a(hci_core.c.obj)
                0x000000000001de30                bt_finalize_init
 .text.bt_init  0x000000000001de48       0x94 zephyr/subsys/bluetooth/host/libsubsys__bluetooth__host.a(hci_core.c.obj)
 .text.init_work
                0x000000000001dedc       0x14 zephyr/subsys/bluetooth/host/libsubsys__bluetooth__host.a(hci_core.c.obj)
 .text.bt_enable
                0x000000000001def0      0x1e4 zephyr/subsys/bluetooth/host/libsubsys__bluetooth__host.a(hci_core.c.obj)
                0x000000000001def0                bt_enable
 .text.bt_is_ready
                0x000000000001e0d4       0x10 zephyr/subsys/bluetooth/host/libsubsys__bluetooth__host.a(hci_core.c.obj)
                0x000000000001e0d4                bt_is_ready
 .text.bt_get_name
                0x000000000001e0e4        0x8 zephyr/subsys/bluetooth/host/libsubsys__bluetooth__host.a(hci_core.c.obj)
                0x000000000001e0e4                bt_get_name
 .text.id_find  0x000000000001e0ec       0x38 zephyr/subsys/bluetooth/host/libsubsys__bluetooth__host.a(id.c.obj)
 .text.set_random_address
                0x000000000001e124       0x5c zephyr/subsys/bluetooth/host/libsubsys__bluetooth__host.a(id.c.obj)
 .text.find_rl_conflict
                0x000000000001e180       0xfc zephyr/subsys/bluetooth/host/libsubsys__bluetooth__host.a(id.c.obj)
                0x000000000001e180                find_rl_conflict
 .text.bt_id_pending_keys_update_set
                0x000000000001e27c       0x20 zephyr/subsys/bluetooth/host/libsubsys__bluetooth__host.a(id.c.obj)
 .text.le_set_privacy_mode
                0x000000000001e29c       0xac zephyr/subsys/bluetooth/host/libsubsys__bluetooth__host.a(id.c.obj)
 .text.id_create
                0x000000000001e348       0x84 zephyr/subsys/bluetooth/host/libsubsys__bluetooth__host.a(id.c.obj)
 .text.bt_id_pending_keys_update
                0x000000000001e3cc       0x30 zephyr/subsys/bluetooth/host/libsubsys__bluetooth__host.a(id.c.obj)
                0x000000000001e3cc                bt_id_pending_keys_update
 .text.bt_id_find_conflict
                0x000000000001e3fc       0x24 zephyr/subsys/bluetooth/host/libsubsys__bluetooth__host.a(id.c.obj)
                0x000000000001e3fc                bt_id_find_conflict
 .text.bt_id_add
                0x000000000001e420      0x284 zephyr/subsys/bluetooth/host/libsubsys__bluetooth__host.a(id.c.obj)
                0x000000000001e420                bt_id_add
 .text.bt_id_del
                0x000000000001e6a4      0x1dc zephyr/subsys/bluetooth/host/libsubsys__bluetooth__host.a(id.c.obj)
                0x000000000001e6a4                bt_id_del
 .text.bt_id_create
                0x000000000001e880       0xfc zephyr/subsys/bluetooth/host/libsubsys__bluetooth__host.a(id.c.obj)
                0x000000000001e880                bt_id_create
 .text.bt_id_read_public_addr
                0x000000000001e97c      0x10c zephyr/subsys/bluetooth/host/libsubsys__bluetooth__host.a(id.c.obj)
                0x000000000001e97c                bt_id_read_public_addr
 .text.bt_setup_public_id_addr
                0x000000000001ea88       0x28 zephyr/subsys/bluetooth/host/libsubsys__bluetooth__host.a(id.c.obj)
                0x000000000001ea88                bt_setup_public_id_addr
 .text.bt_read_static_addr
                0x000000000001eab0      0x150 zephyr/subsys/bluetooth/host/libsubsys__bluetooth__host.a(id.c.obj)
                0x000000000001eab0                bt_read_static_addr
 .text.bt_setup_random_id_addr
                0x000000000001ec00       0x68 zephyr/subsys/bluetooth/host/libsubsys__bluetooth__host.a(id.c.obj)
                0x000000000001ec00                bt_setup_random_id_addr
 .text.bt_id_set_adv_own_addr
                0x000000000001ec68       0xc8 zephyr/subsys/bluetooth/host/libsubsys__bluetooth__host.a(id.c.obj)
                0x000000000001ec68                bt_id_set_adv_own_addr
 .text.adv_get_legacy
                0x000000000001ed30        0x8 zephyr/subsys/bluetooth/host/libsubsys__bluetooth__host.a(adv.c.obj)
 .text.set_data_add_complete
                0x000000000001ed38       0xf4 zephyr/subsys/bluetooth/host/libsubsys__bluetooth__host.a(adv.c.obj)
 .text.valid_adv_ext_param
                0x000000000001ee2c       0x94 zephyr/subsys/bluetooth/host/libsubsys__bluetooth__host.a(adv.c.obj)
 .text.le_adv_start_add_conn
                0x000000000001eec0       0x78 zephyr/subsys/bluetooth/host/libsubsys__bluetooth__host.a(adv.c.obj)
 .text.le_adv_stop_free_conn
                0x000000000001ef38       0x4c zephyr/subsys/bluetooth/host/libsubsys__bluetooth__host.a(adv.c.obj)
 .text.bt_le_ext_adv_foreach
                0x000000000001ef84       0x10 zephyr/subsys/bluetooth/host/libsubsys__bluetooth__host.a(adv.c.obj)
                0x000000000001ef84                bt_le_ext_adv_foreach
 .text.bt_le_adv_lookup_legacy
                0x000000000001ef94        0x8 zephyr/subsys/bluetooth/host/libsubsys__bluetooth__host.a(adv.c.obj)
                0x000000000001ef94                bt_le_adv_lookup_legacy
 .text.bt_le_adv_start_legacy
                0x000000000001ef9c      0x2dc zephyr/subsys/bluetooth/host/libsubsys__bluetooth__host.a(adv.c.obj)
                0x000000000001ef9c                bt_le_adv_start_legacy
 .text.bt_le_adv_start
                0x000000000001f278       0x60 zephyr/subsys/bluetooth/host/libsubsys__bluetooth__host.a(adv.c.obj)
                0x000000000001f278                bt_le_adv_start
 .text.bt_le_adv_stop
                0x000000000001f2d8       0xac zephyr/subsys/bluetooth/host/libsubsys__bluetooth__host.a(adv.c.obj)
                0x000000000001f2d8                bt_le_adv_stop
 .text.adv_timeout
                0x000000000001f384       0x90 zephyr/subsys/bluetooth/host/libsubsys__bluetooth__host.a(adv.c.obj)
 .text.sys_memcpy_swap
                0x000000000001f414       0x5c zephyr/subsys/bluetooth/host/libsubsys__bluetooth__host.a(crypto.c.obj)
 .text.prng_reseed
                0x000000000001f470       0xb8 zephyr/subsys/bluetooth/host/libsubsys__bluetooth__host.a(crypto.c.obj)
 .text.prng_init
                0x000000000001f528       0x88 zephyr/subsys/bluetooth/host/libsubsys__bluetooth__host.a(crypto.c.obj)
                0x000000000001f528                prng_init
 .text.bt_rand  0x000000000001f5b0       0x4c zephyr/subsys/bluetooth/host/libsubsys__bluetooth__host.a(crypto.c.obj)
                0x000000000001f5b0                bt_rand
 .text.bt_pub_key_is_debug
                0x000000000001f5fc       0x18 zephyr/subsys/bluetooth/host/libsubsys__bluetooth__host.a(ecc.c.obj)
                0x000000000001f5fc                bt_pub_key_is_debug
 .text.bt_pub_key_gen
                0x000000000001f614      0x1cc zephyr/subsys/bluetooth/host/libsubsys__bluetooth__host.a(ecc.c.obj)
                0x000000000001f614                bt_pub_key_gen
 .text.bt_pub_key_get
                0x000000000001f7e0       0x1c zephyr/subsys/bluetooth/host/libsubsys__bluetooth__host.a(ecc.c.obj)
                0x000000000001f7e0                bt_pub_key_get
 .text.bt_dh_key_gen
                0x000000000001f7fc       0xe0 zephyr/subsys/bluetooth/host/libsubsys__bluetooth__host.a(ecc.c.obj)
                0x000000000001f7fc                bt_dh_key_gen
 .text.bt_hci_evt_le_pkey_complete
                0x000000000001f8dc       0x7c zephyr/subsys/bluetooth/host/libsubsys__bluetooth__host.a(ecc.c.obj)
                0x000000000001f8dc                bt_hci_evt_le_pkey_complete
 .text.bt_hci_evt_le_dhkey_complete
                0x000000000001f958       0x24 zephyr/subsys/bluetooth/host/libsubsys__bluetooth__host.a(ecc.c.obj)
                0x000000000001f958                bt_hci_evt_le_dhkey_complete
 .text.state2str
                0x000000000001f97c       0x64 zephyr/subsys/bluetooth/host/libsubsys__bluetooth__host.a(conn.c.obj)
 .text.tx_free  0x000000000001f9e0       0x18 zephyr/subsys/bluetooth/host/libsubsys__bluetooth__host.a(conn.c.obj)
 .text.notify_disconnected
                0x000000000001f9f8       0x7c zephyr/subsys/bluetooth/host/libsubsys__bluetooth__host.a(conn.c.obj)
 .text.conn_tx_destroy
                0x000000000001fa74       0x40 zephyr/subsys/bluetooth/host/libsubsys__bluetooth__host.a(conn.c.obj)
 .text.notify_connected
                0x000000000001fab4       0x7c zephyr/subsys/bluetooth/host/libsubsys__bluetooth__host.a(conn.c.obj)
 .text.conn_tx_alloc
                0x000000000001fb30       0x30 zephyr/subsys/bluetooth/host/libsubsys__bluetooth__host.a(conn.c.obj)
 .text.bt_conn_get_pkts
                0x000000000001fb60        0x8 zephyr/subsys/bluetooth/host/libsubsys__bluetooth__host.a(conn.c.obj)
                0x000000000001fb60                bt_conn_get_pkts
 .text.send_frag
                0x000000000001fb68      0x1a8 zephyr/subsys/bluetooth/host/libsubsys__bluetooth__host.a(conn.c.obj)
 .text.bt_conn_new
                0x000000000001fd10       0x60 zephyr/subsys/bluetooth/host/libsubsys__bluetooth__host.a(conn.c.obj)
                0x000000000001fd10                bt_conn_new
 .text.acl_conn_new
                0x000000000001fd70       0x10 zephyr/subsys/bluetooth/host/libsubsys__bluetooth__host.a(conn.c.obj)
 .text.bt_acl_recv
                0x000000000001fd80      0x2b4 zephyr/subsys/bluetooth/host/libsubsys__bluetooth__host.a(conn.c.obj)
 .text.conn_cleanup
                0x0000000000020034       0x98 zephyr/subsys/bluetooth/host/libsubsys__bluetooth__host.a(conn.c.obj)
 .text.bt_conn_send_cb
                0x00000000000200cc      0x150 zephyr/subsys/bluetooth/host/libsubsys__bluetooth__host.a(conn.c.obj)
                0x00000000000200cc                bt_conn_send_cb
 .text.bt_conn_prepare_events
                0x000000000002021c       0x48 zephyr/subsys/bluetooth/host/libsubsys__bluetooth__host.a(conn.c.obj)
                0x000000000002021c                bt_conn_prepare_events
 .text.bt_conn_ref
                0x0000000000020264       0x54 zephyr/subsys/bluetooth/host/libsubsys__bluetooth__host.a(conn.c.obj)
                0x0000000000020264                bt_conn_ref
 .text.bt_conn_unref
                0x00000000000202b8       0x64 zephyr/subsys/bluetooth/host/libsubsys__bluetooth__host.a(conn.c.obj)
                0x00000000000202b8                bt_conn_unref
 .text.bt_conn_lookup_handle
                0x000000000002031c       0x14 zephyr/subsys/bluetooth/host/libsubsys__bluetooth__host.a(conn.c.obj)
                0x000000000002031c                bt_conn_lookup_handle
 .text.bt_conn_set_state
                0x0000000000020330      0x2fc zephyr/subsys/bluetooth/host/libsubsys__bluetooth__host.a(conn.c.obj)
                0x0000000000020330                bt_conn_set_state
 .text.bt_conn_index
                0x000000000002062c       0x5c zephyr/subsys/bluetooth/host/libsubsys__bluetooth__host.a(conn.c.obj)
                0x000000000002062c                bt_conn_index
 .text.bt_conn_create_pdu_timeout
                0x0000000000020688       0xb0 zephyr/subsys/bluetooth/host/libsubsys__bluetooth__host.a(conn.c.obj)
                0x0000000000020688                bt_conn_create_pdu_timeout
 .text.notify_le_param_updated
                0x0000000000020738       0xcc zephyr/subsys/bluetooth/host/libsubsys__bluetooth__host.a(conn.c.obj)
                0x0000000000020738                notify_le_param_updated
 .text.notify_le_data_len_updated
                0x0000000000020804       0x80 zephyr/subsys/bluetooth/host/libsubsys__bluetooth__host.a(conn.c.obj)
                0x0000000000020804                notify_le_data_len_updated
 .text.notify_le_phy_updated
                0x0000000000020884       0x80 zephyr/subsys/bluetooth/host/libsubsys__bluetooth__host.a(conn.c.obj)
                0x0000000000020884                notify_le_phy_updated
 .text.le_param_req
                0x0000000000020904       0xac zephyr/subsys/bluetooth/host/libsubsys__bluetooth__host.a(conn.c.obj)
                0x0000000000020904                le_param_req
 .text.bt_conn_identity_resolved
                0x00000000000209b0       0x90 zephyr/subsys/bluetooth/host/libsubsys__bluetooth__host.a(conn.c.obj)
                0x00000000000209b0                bt_conn_identity_resolved
 .text.bt_conn_security_changed
                0x0000000000020a40       0x90 zephyr/subsys/bluetooth/host/libsubsys__bluetooth__host.a(conn.c.obj)
                0x0000000000020a40                bt_conn_security_changed
 .text.bt_conn_cb_register
                0x0000000000020ad0       0x10 zephyr/subsys/bluetooth/host/libsubsys__bluetooth__host.a(conn.c.obj)
                0x0000000000020ad0                bt_conn_cb_register
 .text.bt_conn_lookup_addr_le
                0x0000000000020ae0       0x48 zephyr/subsys/bluetooth/host/libsubsys__bluetooth__host.a(conn.c.obj)
                0x0000000000020ae0                bt_conn_lookup_addr_le
 .text.bt_conn_exists_le
                0x0000000000020b28       0xe4 zephyr/subsys/bluetooth/host/libsubsys__bluetooth__host.a(conn.c.obj)
                0x0000000000020b28                bt_conn_exists_le
 .text.bt_conn_lookup_state_le
                0x0000000000020c0c       0x60 zephyr/subsys/bluetooth/host/libsubsys__bluetooth__host.a(conn.c.obj)
                0x0000000000020c0c                bt_conn_lookup_state_le
 .text.send_conn_le_param_update
                0x0000000000020c6c       0x70 zephyr/subsys/bluetooth/host/libsubsys__bluetooth__host.a(conn.c.obj)
 .text.deferred_work
                0x0000000000020cdc      0x1c4 zephyr/subsys/bluetooth/host/libsubsys__bluetooth__host.a(conn.c.obj)
 .text.bt_conn_create_frag_timeout
                0x0000000000020ea0       0x10 zephyr/subsys/bluetooth/host/libsubsys__bluetooth__host.a(conn.c.obj)
                0x0000000000020ea0                bt_conn_create_frag_timeout
 .text.create_frag
                0x0000000000020eb0       0x68 zephyr/subsys/bluetooth/host/libsubsys__bluetooth__host.a(conn.c.obj)
 .text.send_buf
                0x0000000000020f18       0x7c zephyr/subsys/bluetooth/host/libsubsys__bluetooth__host.a(conn.c.obj)
 .text.bt_conn_process_tx
                0x0000000000020f94       0x78 zephyr/subsys/bluetooth/host/libsubsys__bluetooth__host.a(conn.c.obj)
                0x0000000000020f94                bt_conn_process_tx
 .text.bt_conn_auth_cb_register
                0x000000000002100c       0x50 zephyr/subsys/bluetooth/host/libsubsys__bluetooth__host.a(conn.c.obj)
                0x000000000002100c                bt_conn_auth_cb_register
 .text.bt_conn_auth_info_cb_register
                0x000000000002105c       0x30 zephyr/subsys/bluetooth/host/libsubsys__bluetooth__host.a(conn.c.obj)
                0x000000000002105c                bt_conn_auth_info_cb_register
 .text.bt_conn_lookup_index
                0x000000000002108c       0x1c zephyr/subsys/bluetooth/host/libsubsys__bluetooth__host.a(conn.c.obj)
                0x000000000002108c                bt_conn_lookup_index
 .text.bt_conn_init
                0x00000000000210a8       0x3c zephyr/subsys/bluetooth/host/libsubsys__bluetooth__host.a(conn.c.obj)
                0x00000000000210a8                bt_conn_init
 .text.get_ident
                0x00000000000210e4       0x1c zephyr/subsys/bluetooth/host/libsubsys__bluetooth__host.a(l2cap.c.obj)
 .text.l2cap_accept
                0x0000000000021100       0xc0 zephyr/subsys/bluetooth/host/libsubsys__bluetooth__host.a(l2cap.c.obj)
 .text.le_conn_param_rsp
                0x00000000000211c0       0x64 zephyr/subsys/bluetooth/host/libsubsys__bluetooth__host.a(l2cap.c.obj)
 .text.l2cap_chan_add
                0x0000000000021224       0x80 zephyr/subsys/bluetooth/host/libsubsys__bluetooth__host.a(l2cap.c.obj)
 .text.bt_l2cap_connected
                0x00000000000212a4       0xa4 zephyr/subsys/bluetooth/host/libsubsys__bluetooth__host.a(l2cap.c.obj)
                0x00000000000212a4                bt_l2cap_connected
 .text.l2cap_create_le_sig_pdu
                0x0000000000021348       0xb8 zephyr/subsys/bluetooth/host/libsubsys__bluetooth__host.a(l2cap.c.obj)
 .text.l2cap_recv
                0x0000000000021400      0x1fc zephyr/subsys/bluetooth/host/libsubsys__bluetooth__host.a(l2cap.c.obj)
 .text.bt_l2cap_recv
                0x00000000000215fc      0x11c zephyr/subsys/bluetooth/host/libsubsys__bluetooth__host.a(l2cap.c.obj)
                0x00000000000215fc                bt_l2cap_recv
 .text.att_op_get_type
                0x0000000000021718       0xa4 zephyr/subsys/bluetooth/host/libsubsys__bluetooth__host.a(att.c.obj)
 .text.att_cb   0x00000000000217bc       0x6c zephyr/subsys/bluetooth/host/libsubsys__bluetooth__host.a(att.c.obj)
 .text.tx_meta_data_alloc
                0x0000000000021828       0x14 zephyr/subsys/bluetooth/host/libsubsys__bluetooth__host.a(att.c.obj)
 .text.att_get  0x000000000002183c      0x100 zephyr/subsys/bluetooth/host/libsubsys__bluetooth__host.a(att.c.obj)
 .text.att_chan_new
                0x000000000002193c      0x118 zephyr/subsys/bluetooth/host/libsubsys__bluetooth__host.a(att.c.obj)
 .text.bt_att_accept
                0x0000000000021a54       0xe4 zephyr/subsys/bluetooth/host/libsubsys__bluetooth__host.a(att.c.obj)
 .text.bt_att_released
                0x0000000000021b38       0x1c zephyr/subsys/bluetooth/host/libsubsys__bluetooth__host.a(att.c.obj)
 .text.tx_meta_data_free
                0x0000000000021b54       0x40 zephyr/subsys/bluetooth/host/libsubsys__bluetooth__host.a(att.c.obj)
 .text.chan_send
                0x0000000000021b94       0xe0 zephyr/subsys/bluetooth/host/libsubsys__bluetooth__host.a(att.c.obj)
 .text.bt_att_chan_req_send
                0x0000000000021c74       0x98 zephyr/subsys/bluetooth/host/libsubsys__bluetooth__host.a(att.c.obj)
 .text.read_group_cb
                0x0000000000021d0c       0xb4 zephyr/subsys/bluetooth/host/libsubsys__bluetooth__host.a(att.c.obj)
 .text.read_type_cb
                0x0000000000021dc0       0xa8 zephyr/subsys/bluetooth/host/libsubsys__bluetooth__host.a(att.c.obj)
 .text.find_type_cb
                0x0000000000021e68      0x280 zephyr/subsys/bluetooth/host/libsubsys__bluetooth__host.a(att.c.obj)
 .text.bt_att_connected
                0x00000000000220e8       0x3c zephyr/subsys/bluetooth/host/libsubsys__bluetooth__host.a(att.c.obj)
 .text.bt_att_chan_create_pdu
                0x0000000000022124      0x1d0 zephyr/subsys/bluetooth/host/libsubsys__bluetooth__host.a(att.c.obj)
                0x0000000000022124                bt_att_chan_create_pdu
 .text.bt_att_recv
                0x00000000000222f4      0x2d8 zephyr/subsys/bluetooth/host/libsubsys__bluetooth__host.a(att.c.obj)
 .text.att_write_rsp
                0x00000000000225cc       0xe0 zephyr/subsys/bluetooth/host/libsubsys__bluetooth__host.a(att.c.obj)
 .text.bt_att_create_pdu
                0x00000000000226ac       0xe8 zephyr/subsys/bluetooth/host/libsubsys__bluetooth__host.a(att.c.obj)
                0x00000000000226ac                bt_att_create_pdu
 .text.att_read_group_rsp
                0x0000000000022794       0x90 zephyr/subsys/bluetooth/host/libsubsys__bluetooth__host.a(att.c.obj)
 .text.att_read_mult_vl_req
                0x0000000000022824       0xac zephyr/subsys/bluetooth/host/libsubsys__bluetooth__host.a(att.c.obj)
 .text.att_read_mult_req
                0x00000000000228d0       0xac zephyr/subsys/bluetooth/host/libsubsys__bluetooth__host.a(att.c.obj)
 .text.att_read_rsp
                0x000000000002297c       0xb4 zephyr/subsys/bluetooth/host/libsubsys__bluetooth__host.a(att.c.obj)
 .text.att_read_type_rsp
                0x0000000000022a30       0x94 zephyr/subsys/bluetooth/host/libsubsys__bluetooth__host.a(att.c.obj)
 .text.att_find_type_rsp
                0x0000000000022ac4       0x94 zephyr/subsys/bluetooth/host/libsubsys__bluetooth__host.a(att.c.obj)
 .text.att_find_info_rsp
                0x0000000000022b58       0x78 zephyr/subsys/bluetooth/host/libsubsys__bluetooth__host.a(att.c.obj)
 .text.bt_att_init
                0x0000000000022bd0       0x30 zephyr/subsys/bluetooth/host/libsubsys__bluetooth__host.a(att.c.obj)
                0x0000000000022bd0                bt_att_init
 .text.bt_att_req_alloc
                0x0000000000022c00       0x48 zephyr/subsys/bluetooth/host/libsubsys__bluetooth__host.a(att.c.obj)
                0x0000000000022c00                bt_att_req_alloc
 .text.bt_att_req_free
                0x0000000000022c48       0x30 zephyr/subsys/bluetooth/host/libsubsys__bluetooth__host.a(att.c.obj)
                0x0000000000022c48                bt_att_req_free
 .text.att_handle_rsp
                0x0000000000022c78       0xbc zephyr/subsys/bluetooth/host/libsubsys__bluetooth__host.a(att.c.obj)
 .text.att_error_rsp
                0x0000000000022d34       0x4c zephyr/subsys/bluetooth/host/libsubsys__bluetooth__host.a(att.c.obj)
 .text.att_reset
                0x0000000000022d80       0x6c zephyr/subsys/bluetooth/host/libsubsys__bluetooth__host.a(att.c.obj)
 .text.att_timeout
                0x0000000000022dec       0x64 zephyr/subsys/bluetooth/host/libsubsys__bluetooth__host.a(att.c.obj)
 .text.bt_att_chan_req_cancel
                0x0000000000022e50       0x24 zephyr/subsys/bluetooth/host/libsubsys__bluetooth__host.a(att.c.obj)
 .text.bt_att_send
                0x0000000000022e74       0x78 zephyr/subsys/bluetooth/host/libsubsys__bluetooth__host.a(att.c.obj)
                0x0000000000022e74                bt_att_send
 .text.bt_att_req_send
                0x0000000000022eec       0x78 zephyr/subsys/bluetooth/host/libsubsys__bluetooth__host.a(att.c.obj)
                0x0000000000022eec                bt_att_req_send
 .text.gatt_ccc_conn_queue_is_empty
                0x0000000000022f64       0x1c zephyr/subsys/bluetooth/host/libsubsys__bluetooth__host.a(gatt.c.obj)
 .text.bt_gatt_service_init
                0x0000000000022f80       0x78 zephyr/subsys/bluetooth/host/libsubsys__bluetooth__host.a(gatt.c.obj)
 .text.db_hash_set
                0x0000000000022ff8       0xa4 zephyr/subsys/bluetooth/host/libsubsys__bluetooth__host.a(gatt.c.obj)
 .text.db_hash_store
                0x000000000002309c       0xa4 zephyr/subsys/bluetooth/host/libsubsys__bluetooth__host.a(gatt.c.obj)
 .text.find_cf_cfg
                0x0000000000023140       0x4c zephyr/subsys/bluetooth/host/libsubsys__bluetooth__host.a(gatt.c.obj)
 .text.find_sc_cfg
                0x000000000002318c       0x48 zephyr/subsys/bluetooth/host/libsubsys__bluetooth__host.a(gatt.c.obj)
 .text.find_ccc_cfg
                0x00000000000231d4       0x50 zephyr/subsys/bluetooth/host/libsubsys__bluetooth__host.a(gatt.c.obj)
 .text.gatt_sub_find
                0x0000000000023224       0x4c zephyr/subsys/bluetooth/host/libsubsys__bluetooth__host.a(gatt.c.obj)
 .text.ccc_save
                0x0000000000023270       0x40 zephyr/subsys/bluetooth/host/libsubsys__bluetooth__host.a(gatt.c.obj)
 .text.find_cf_cfg_by_addr
                0x00000000000232b0       0x3c zephyr/subsys/bluetooth/host/libsubsys__bluetooth__host.a(gatt.c.obj)
 .text.cf_write
                0x00000000000232ec       0xd0 zephyr/subsys/bluetooth/host/libsubsys__bluetooth__host.a(gatt.c.obj)
 .text.convert_to_id_on_match
                0x00000000000233bc       0x44 zephyr/subsys/bluetooth/host/libsubsys__bluetooth__host.a(gatt.c.obj)
 .text.clear_ccc_cfg
                0x0000000000023400       0x1c zephyr/subsys/bluetooth/host/libsubsys__bluetooth__host.a(gatt.c.obj)
 .text.gatt_sub_free
                0x000000000002341c       0x40 zephyr/subsys/bluetooth/host/libsubsys__bluetooth__host.a(gatt.c.obj)
 .text.ccc_load
                0x000000000002345c       0x8c zephyr/subsys/bluetooth/host/libsubsys__bluetooth__host.a(gatt.c.obj)
 .text.sc_store
                0x00000000000234e8       0xd0 zephyr/subsys/bluetooth/host/libsubsys__bluetooth__host.a(gatt.c.obj)
 .text.sc_save  0x00000000000235b8       0xc4 zephyr/subsys/bluetooth/host/libsubsys__bluetooth__host.a(gatt.c.obj)
 .text.bt_gatt_store_cf
                0x000000000002367c       0xf8 zephyr/subsys/bluetooth/host/libsubsys__bluetooth__host.a(gatt.c.obj)
 .text.bt_gatt_clear_sc
                0x0000000000023774       0xe0 zephyr/subsys/bluetooth/host/libsubsys__bluetooth__host.a(gatt.c.obj)
 .text.sc_clear
                0x0000000000023854       0xbc zephyr/subsys/bluetooth/host/libsubsys__bluetooth__host.a(gatt.c.obj)
 .text.remove_peer_from_attr
                0x0000000000023910       0x2c zephyr/subsys/bluetooth/host/libsubsys__bluetooth__host.a(gatt.c.obj)
 .text.sc_indicate
                0x000000000002393c       0x60 zephyr/subsys/bluetooth/host/libsubsys__bluetooth__host.a(gatt.c.obj)
 .text.sc_indicate_rsp
                0x000000000002399c       0x68 zephyr/subsys/bluetooth/host/libsubsys__bluetooth__host.a(gatt.c.obj)
 .text.gatt_write_ccc_rsp
                0x0000000000023a04       0xe0 zephyr/subsys/bluetooth/host/libsubsys__bluetooth__host.a(gatt.c.obj)
 .text.sc_commit
                0x0000000000023ae4       0x38 zephyr/subsys/bluetooth/host/libsubsys__bluetooth__host.a(gatt.c.obj)
 .text.gatt_ccc_conn_is_queued
                0x0000000000023b1c       0x1c zephyr/subsys/bluetooth/host/libsubsys__bluetooth__host.a(gatt.c.obj)
 .text.gatt_ccc_conn_unqueue
                0x0000000000023b38       0x24 zephyr/subsys/bluetooth/host/libsubsys__bluetooth__host.a(gatt.c.obj)
 .text.gatt_ccc_conn_enqueue
                0x0000000000023b5c       0x44 zephyr/subsys/bluetooth/host/libsubsys__bluetooth__host.a(gatt.c.obj)
 .text.bt_gatt_attr_write_ccc
                0x0000000000023ba0      0x11c zephyr/subsys/bluetooth/host/libsubsys__bluetooth__host.a(gatt.c.obj)
                0x0000000000023ba0                bt_gatt_attr_write_ccc
 .text.disconnected_cb
                0x0000000000023cbc       0xc0 zephyr/subsys/bluetooth/host/libsubsys__bluetooth__host.a(gatt.c.obj)
 .text.gatt_write_ccc
                0x0000000000023d7c       0x28 zephyr/subsys/bluetooth/host/libsubsys__bluetooth__host.a(gatt.c.obj)
 .text.sc_set   0x0000000000023da4      0x30c zephyr/subsys/bluetooth/host/libsubsys__bluetooth__host.a(gatt.c.obj)
 .text.clear_cf_cfg
                0x00000000000240b0       0x30 zephyr/subsys/bluetooth/host/libsubsys__bluetooth__host.a(gatt.c.obj)
 .text.cf_set   0x00000000000240e0      0x2fc zephyr/subsys/bluetooth/host/libsubsys__bluetooth__host.a(gatt.c.obj)
 .text.db_hash_commit
                0x00000000000243dc       0xc0 zephyr/subsys/bluetooth/host/libsubsys__bluetooth__host.a(gatt.c.obj)
 .text.bt_gatt_init
                0x000000000002449c       0x8c zephyr/subsys/bluetooth/host/libsubsys__bluetooth__host.a(gatt.c.obj)
                0x000000000002449c                bt_gatt_init
 .text.bt_gatt_attr_get_handle
                0x0000000000024528       0x9c zephyr/subsys/bluetooth/host/libsubsys__bluetooth__host.a(gatt.c.obj)
                0x0000000000024528                bt_gatt_attr_get_handle
 .text.bt_gatt_foreach_attr_type
                0x00000000000245c4       0xd4 zephyr/subsys/bluetooth/host/libsubsys__bluetooth__host.a(gatt.c.obj)
                0x00000000000245c4                bt_gatt_foreach_attr_type
 .text.db_hash_gen
                0x0000000000024698      0x118 zephyr/subsys/bluetooth/host/libsubsys__bluetooth__host.a(gatt.c.obj)
 .text.db_hash_read
                0x00000000000247b0       0x8c zephyr/subsys/bluetooth/host/libsubsys__bluetooth__host.a(gatt.c.obj)
 .text.db_hash_process
                0x000000000002483c       0x78 zephyr/subsys/bluetooth/host/libsubsys__bluetooth__host.a(gatt.c.obj)
 .text.ccc_set  0x00000000000248b4      0x2cc zephyr/subsys/bluetooth/host/libsubsys__bluetooth__host.a(gatt.c.obj)
 .text.ccc_set_direct
                0x0000000000024b80       0x84 zephyr/subsys/bluetooth/host/libsubsys__bluetooth__host.a(gatt.c.obj)
 .text.gatt_find_by_uuid
                0x0000000000024c04       0x30 zephyr/subsys/bluetooth/host/libsubsys__bluetooth__host.a(gatt.c.obj)
 .text.bt_gatt_attr_next
                0x0000000000024c34       0x30 zephyr/subsys/bluetooth/host/libsubsys__bluetooth__host.a(gatt.c.obj)
                0x0000000000024c34                bt_gatt_attr_next
 .text.bt_gatt_is_subscribed
                0x0000000000024c64      0x1cc zephyr/subsys/bluetooth/host/libsubsys__bluetooth__host.a(gatt.c.obj)
                0x0000000000024c64                bt_gatt_is_subscribed
 .text.gatt_indicate
                0x0000000000024e30      0x1ac zephyr/subsys/bluetooth/host/libsubsys__bluetooth__host.a(gatt.c.obj)
 .text.bt_gatt_indicate
                0x0000000000024fdc      0x14c zephyr/subsys/bluetooth/host/libsubsys__bluetooth__host.a(gatt.c.obj)
                0x0000000000024fdc                bt_gatt_indicate
 .text.sc_process
                0x0000000000025128       0xb0 zephyr/subsys/bluetooth/host/libsubsys__bluetooth__host.a(gatt.c.obj)
 .text.sc_restore
                0x00000000000251d8       0xb4 zephyr/subsys/bluetooth/host/libsubsys__bluetooth__host.a(gatt.c.obj)
 .text.update_ccc
                0x000000000002528c      0x12c zephyr/subsys/bluetooth/host/libsubsys__bluetooth__host.a(gatt.c.obj)
 .text.gatt_notify
                0x00000000000253b8      0x170 zephyr/subsys/bluetooth/host/libsubsys__bluetooth__host.a(gatt.c.obj)
 .text.bt_gatt_notify_cb
                0x0000000000025528      0x144 zephyr/subsys/bluetooth/host/libsubsys__bluetooth__host.a(gatt.c.obj)
                0x0000000000025528                bt_gatt_notify_cb
 .text.notify_cb
                0x000000000002566c      0x1c0 zephyr/subsys/bluetooth/host/libsubsys__bluetooth__host.a(gatt.c.obj)
 .text.bt_gatt_unsubscribe
                0x000000000002582c      0x100 zephyr/subsys/bluetooth/host/libsubsys__bluetooth__host.a(gatt.c.obj)
                0x000000000002582c                bt_gatt_unsubscribe
 .text.bt_gatt_mult_notification
                0x000000000002592c      0x140 zephyr/subsys/bluetooth/host/libsubsys__bluetooth__host.a(gatt.c.obj)
                0x000000000002592c                bt_gatt_mult_notification
 .text.bt_gatt_connected
                0x0000000000025a6c      0x124 zephyr/subsys/bluetooth/host/libsubsys__bluetooth__host.a(gatt.c.obj)
                0x0000000000025a6c                bt_gatt_connected
 .text.bt_gatt_att_max_mtu_changed
                0x0000000000025b90       0x38 zephyr/subsys/bluetooth/host/libsubsys__bluetooth__host.a(gatt.c.obj)
                0x0000000000025b90                bt_gatt_att_max_mtu_changed
 .text.bt_gatt_encrypt_change
                0x0000000000025bc8       0x2c zephyr/subsys/bluetooth/host/libsubsys__bluetooth__host.a(gatt.c.obj)
                0x0000000000025bc8                bt_gatt_encrypt_change
 .text.bt_gatt_store_ccc
                0x0000000000025bf4      0x120 zephyr/subsys/bluetooth/host/libsubsys__bluetooth__host.a(gatt.c.obj)
                0x0000000000025bf4                bt_gatt_store_ccc
 .text.bt_gatt_identity_resolved
                0x0000000000025d14       0x3c zephyr/subsys/bluetooth/host/libsubsys__bluetooth__host.a(gatt.c.obj)
 .text.bt_gatt_disconnected
                0x0000000000025d50       0x98 zephyr/subsys/bluetooth/host/libsubsys__bluetooth__host.a(gatt.c.obj)
                0x0000000000025d50                bt_gatt_disconnected
 .text.le_sc_supported
                0x0000000000025de8       0x18 zephyr/subsys/bluetooth/host/libsubsys__bluetooth__host.a(smp.c.obj)
 .text.smp_chan_get
                0x0000000000025e00       0x6c zephyr/subsys/bluetooth/host/libsubsys__bluetooth__host.a(smp.c.obj)
 .text.bt_smp_accept
                0x0000000000025e6c       0xd0 zephyr/subsys/bluetooth/host/libsubsys__bluetooth__host.a(smp.c.obj)
 .text.smp_find
                0x0000000000025f3c       0x34 zephyr/subsys/bluetooth/host/libsubsys__bluetooth__host.a(smp.c.obj)
 .text.latch_auth_cb
                0x0000000000025f70       0x2c zephyr/subsys/bluetooth/host/libsubsys__bluetooth__host.a(smp.c.obj)
 .text.get_io_capa
                0x0000000000025f9c       0x50 zephyr/subsys/bluetooth/host/libsubsys__bluetooth__host.a(smp.c.obj)
 .text.get_auth
                0x0000000000025fec       0x40 zephyr/subsys/bluetooth/host/libsubsys__bluetooth__host.a(smp.c.obj)
 .text.legacy_get_pair_method
                0x000000000002602c       0x54 zephyr/subsys/bluetooth/host/libsubsys__bluetooth__host.a(smp.c.obj)
 .text.get_pair_method
                0x0000000000026080       0x60 zephyr/subsys/bluetooth/host/libsubsys__bluetooth__host.a(smp.c.obj)
 .text.sec_level_reachable
                0x00000000000260e0       0x7c zephyr/subsys/bluetooth/host/libsubsys__bluetooth__host.a(smp.c.obj)
 .text.legacy_pairing_random
                0x000000000002615c       0xd8 zephyr/subsys/bluetooth/host/libsubsys__bluetooth__host.a(smp.c.obj)
 .text.sc_send_public_key
                0x0000000000026234       0x48 zephyr/subsys/bluetooth/host/libsubsys__bluetooth__host.a(smp.c.obj)
 .text.smp_send_pairing_confirm
                0x000000000002627c      0x11c zephyr/subsys/bluetooth/host/libsubsys__bluetooth__host.a(smp.c.obj)
 .text.smp_pairing_confirm
                0x0000000000026398      0x118 zephyr/subsys/bluetooth/host/libsubsys__bluetooth__host.a(smp.c.obj)
 .text.sc_smp_check_confirm
                0x00000000000264b0      0x140 zephyr/subsys/bluetooth/host/libsubsys__bluetooth__host.a(smp.c.obj)
 .text.compute_and_check_and_send_periph_dhcheck
                0x00000000000265f0      0x2a8 zephyr/subsys/bluetooth/host/libsubsys__bluetooth__host.a(smp.c.obj)
 .text.display_passkey
                0x0000000000026898       0x68 zephyr/subsys/bluetooth/host/libsubsys__bluetooth__host.a(smp.c.obj)
 .text.smp_init
                0x0000000000026900       0x40 zephyr/subsys/bluetooth/host/libsubsys__bluetooth__host.a(smp.c.obj)
 .text.legacy_distribute_keys
                0x0000000000026940      0x1dc zephyr/subsys/bluetooth/host/libsubsys__bluetooth__host.a(smp.c.obj)
 .text.bt_smp_distribute_keys
                0x0000000000026b1c       0xf0 zephyr/subsys/bluetooth/host/libsubsys__bluetooth__host.a(smp.c.obj)
 .text.smp_dhkey_generate
                0x0000000000026c0c       0x90 zephyr/subsys/bluetooth/host/libsubsys__bluetooth__host.a(smp.c.obj)
 .text.smp_public_key_periph
                0x0000000000026c9c      0x1c0 zephyr/subsys/bluetooth/host/libsubsys__bluetooth__host.a(smp.c.obj)
 .text.smp_public_key
                0x0000000000026e5c       0xcc zephyr/subsys/bluetooth/host/libsubsys__bluetooth__host.a(smp.c.obj)
 .text.legacy_request_tk
                0x0000000000026f28      0x1d8 zephyr/subsys/bluetooth/host/libsubsys__bluetooth__host.a(smp.c.obj)
 .text.smp_pairing_req
                0x0000000000027100      0x1b4 zephyr/subsys/bluetooth/host/libsubsys__bluetooth__host.a(smp.c.obj)
 .text.smp_ident_info
                0x00000000000272b4      0x104 zephyr/subsys/bluetooth/host/libsubsys__bluetooth__host.a(smp.c.obj)
 .text.smp_encrypt_info
                0x00000000000273b8      0x104 zephyr/subsys/bluetooth/host/libsubsys__bluetooth__host.a(smp.c.obj)
 .text.smp_id_add_replace
                0x00000000000274bc       0xc8 zephyr/subsys/bluetooth/host/libsubsys__bluetooth__host.a(smp.c.obj)
 .text.smp_pairing_random
                0x0000000000027584      0x20c zephyr/subsys/bluetooth/host/libsubsys__bluetooth__host.a(smp.c.obj)
 .text.bt_smp_connected
                0x0000000000027790       0x30 zephyr/subsys/bluetooth/host/libsubsys__bluetooth__host.a(smp.c.obj)
 .text.smp_pairing_complete
                0x00000000000277c0      0x104 zephyr/subsys/bluetooth/host/libsubsys__bluetooth__host.a(smp.c.obj)
 .text.smp_error
                0x00000000000278c4       0xf0 zephyr/subsys/bluetooth/host/libsubsys__bluetooth__host.a(smp.c.obj)
 .text.bt_smp_recv
                0x00000000000279b4      0x3a4 zephyr/subsys/bluetooth/host/libsubsys__bluetooth__host.a(smp.c.obj)
 .text.bt_smp_pkey_ready
                0x0000000000027d58       0xa4 zephyr/subsys/bluetooth/host/libsubsys__bluetooth__host.a(smp.c.obj)
 .text.smp_ident_addr_info
                0x0000000000027dfc      0x344 zephyr/subsys/bluetooth/host/libsubsys__bluetooth__host.a(smp.c.obj)
 .text.smp_central_ident
                0x0000000000028140      0x158 zephyr/subsys/bluetooth/host/libsubsys__bluetooth__host.a(smp.c.obj)
 .text.smp_pairing_failed
                0x0000000000028298       0xdc zephyr/subsys/bluetooth/host/libsubsys__bluetooth__host.a(smp.c.obj)
 .text.smp_check_complete
                0x0000000000028374       0x68 zephyr/subsys/bluetooth/host/libsubsys__bluetooth__host.a(smp.c.obj)
 .text.smp_timeout
                0x00000000000283dc       0x7c zephyr/subsys/bluetooth/host/libsubsys__bluetooth__host.a(smp.c.obj)
 .text.bt_smp_update_keys
                0x0000000000028458      0x1e0 zephyr/subsys/bluetooth/host/libsubsys__bluetooth__host.a(smp.c.obj)
                0x0000000000028458                bt_smp_update_keys
 .text.bt_smp_init
                0x0000000000028638       0x1c zephyr/subsys/bluetooth/host/libsubsys__bluetooth__host.a(smp.c.obj)
                0x0000000000028638                bt_smp_init
 .text.id_add   0x0000000000028654       0x30 zephyr/subsys/bluetooth/host/libsubsys__bluetooth__host.a(keys.c.obj)
 .text.bt_keys_get_addr
                0x0000000000028684       0xa0 zephyr/subsys/bluetooth/host/libsubsys__bluetooth__host.a(keys.c.obj)
                0x0000000000028684                bt_keys_get_addr
 .text.bt_keys_foreach_type
                0x0000000000028724       0x54 zephyr/subsys/bluetooth/host/libsubsys__bluetooth__host.a(keys.c.obj)
                0x0000000000028724                bt_keys_foreach_type
 .text.keys_commit
                0x0000000000028778       0x14 zephyr/subsys/bluetooth/host/libsubsys__bluetooth__host.a(keys.c.obj)
 .text.bt_keys_find
                0x000000000002878c       0x78 zephyr/subsys/bluetooth/host/libsubsys__bluetooth__host.a(keys.c.obj)
                0x000000000002878c                bt_keys_find
 .text.bt_keys_find_irk
                0x0000000000028804       0xec zephyr/subsys/bluetooth/host/libsubsys__bluetooth__host.a(keys.c.obj)
                0x0000000000028804                bt_keys_find_irk
 .text.bt_keys_find_addr
                0x00000000000288f0       0x6c zephyr/subsys/bluetooth/host/libsubsys__bluetooth__host.a(keys.c.obj)
                0x00000000000288f0                bt_keys_find_addr
 .text.bt_keys_add_type
                0x000000000002895c       0x34 zephyr/subsys/bluetooth/host/libsubsys__bluetooth__host.a(keys.c.obj)
                0x000000000002895c                bt_keys_add_type
 .text.bt_keys_get_type
                0x0000000000028990       0x50 zephyr/subsys/bluetooth/host/libsubsys__bluetooth__host.a(keys.c.obj)
                0x0000000000028990                bt_keys_get_type
 .text.bt_keys_clear
                0x00000000000289e0       0x84 zephyr/subsys/bluetooth/host/libsubsys__bluetooth__host.a(keys.c.obj)
                0x00000000000289e0                bt_keys_clear
 .text.keys_set
                0x0000000000028a64      0x4bc zephyr/subsys/bluetooth/host/libsubsys__bluetooth__host.a(keys.c.obj)
 .text.bt_keys_store
                0x0000000000028f20       0xfc zephyr/subsys/bluetooth/host/libsubsys__bluetooth__host.a(keys.c.obj)
                0x0000000000028f20                bt_keys_store
 .text.sys_memcpy_swap
                0x000000000002901c       0x5c zephyr/subsys/bluetooth/crypto/libsubsys__bluetooth__crypto.a(bt_crypto.c.obj)
 .text.bt_crypto_f5
                0x0000000000029078       0xd4 zephyr/subsys/bluetooth/crypto/libsubsys__bluetooth__crypto.a(bt_crypto.c.obj)
                0x0000000000029078                bt_crypto_f5
 .text.bt_crypto_g2
                0x000000000002914c       0x88 zephyr/subsys/bluetooth/crypto/libsubsys__bluetooth__crypto.a(bt_crypto.c.obj)
                0x000000000002914c                bt_crypto_g2
 .text.pool_id  0x00000000000291d4       0x18 zephyr/subsys/net/libsubsys__net.a(buf.c.obj)
 .text.net_buf_pool_get